[0.031s] Invoking command in '/home/pi/cooperate_request/build/lane_change_request': CMAKE_PREFIX_PATH=${CMAKE_PREFIX_PATH}:/home/pi/autoware/install/simulator_compatibility_test:/home/pi/autoware/install/ad_api_visualizers:/opt/ros/humble /usr/bin/cmake --build /home/pi/cooperate_request/build/lane_change_request -- -j24 -l24
[0.154s] [35m[1mConsolidate compiler generated dependencies of target trajectory_remmaper[0m
[0.213s] [ 50%] [32mBuilding CXX object CMakeFiles/trajectory_remmaper.dir/src/main.cpp.o[0m
[4.360s] In file included from [01m[K/usr/include/boost/math/tools/cxx03_warn.hpp:9[m[K,
[4.360s]                  from [01m[K/usr/include/boost/math/constants/constants.hpp:11[m[K,
[4.360s]                  from [01m[K/usr/include/boost/geometry/util/math.hpp:29[m[K,
[4.360s]                  from [01m[K/usr/include/boost/geometry/util/is_inverse_spheroidal_coordinates.hpp:19[m[K,
[4.360s]                  from [01m[K/usr/include/boost/geometry/algorithms/detail/assign_values.hpp:42[m[K,
[4.360s]                  from [01m[K/usr/include/boost/geometry/algorithms/detail/assign_box_corners.hpp:21[m[K,
[4.360s]                  from [01m[K/usr/include/boost/geometry/algorithms/convert.hpp:38[m[K,
[4.361s]                  from [01m[K/usr/include/boost/geometry/geometries/box.hpp:22[m[K,
[4.361s]                  from [01m[K/usr/include/boost/geometry/geometries/geometries.hpp:25[m[K,
[4.361s]                  from [01m[K/home/pi/autoware/install/tier4_autoware_utils/include/tier4_autoware_utils/geometry/boost_geometry.hpp:19[m[K,
[4.361s]                  from [01m[K/home/pi/autoware/install/tier4_autoware_utils/include/tier4_autoware_utils/geometry/geometry.hpp:23[m[K,
[4.361s]                  from [01m[K/home/pi/autoware/install/motion_utils/include/motion_utils/trajectory/trajectory.hpp:18[m[K,
[4.361s]                  from [01m[K/home/pi/autoware/install/motion_utils/include/motion_utils/resample/resample_utils.hpp:19[m[K,
[4.361s]                  from [01m[K/home/pi/autoware/install/motion_utils/include/motion_utils/marker/marker_helper.hpp:18[m[K,
[4.361s]                  from [01m[K/home/pi/autoware/install/motion_utils/include/motion_utils/motion_utils.hpp:19[m[K,
[4.361s]                  from [01m[K/home/pi/cooperate_request/src/lane_change_request/include/lane_change_request/lane.hpp:18[m[K,
[4.361s]                  from [01m[K/home/pi/cooperate_request/src/lane_change_request/src/main.cpp:15[m[K:
[4.361s] [01m[K/usr/include/boost/detail/no_exceptions_support.hpp:17:1:[m[K [01;36m[Knote: [m[K‘[01m[K#pragma message: This header is deprecated. Use <boost/core/no_exceptions_support.hpp> instead.[m[K’
[4.361s]    17 | [01;36m[KBOOST_HEADER_DEPRECATED[m[K("<boost/core/no_exceptions_support.hpp>")
[4.361s]       | [01;36m[K^~~~~~~~~~~~~~~~~~~~~~~[m[K
[4.854s] [01m[K/home/pi/cooperate_request/src/lane_change_request/src/main.cpp:20:8:[m[K [01;31m[Kerror: [m[K‘[01m[KLaneChangeDirection[m[K’ does not name a type
[4.854s]    20 | static [01;31m[KLaneChangeDirection[m[K lane_change_direction = LaneChangeDirection::LEFT;
[4.854s]       |        [01;31m[K^~~~~~~~~~~~~~~~~~~[m[K
[4.871s] [01m[K/home/pi/cooperate_request/src/lane_change_request/src/main.cpp:[m[K In member function ‘[01m[Kvoid trajectory_remap_node::TrajectoryRemapper::trajectoryCallback(autoware_auto_planning_msgs::msg::Trajectory_<std::allocator<void> >::SharedPtr)[m[K’:
[4.871s] [01m[K/home/pi/cooperate_request/src/lane_change_request/src/main.cpp:105:79:[m[K [01;31m[Kerror: [m[K‘[01m[Klane_change_direction[m[K’ was not declared in this scope; did you mean ‘[01m[KLaneChangeDirection[m[K’?
[4.872s]   105 |     modified_trajectory = TrajectoryRemapper::modifyTrajectory(new_trajectory,[01;31m[Klane_change_direction[m[K, acceleration_profile);
[4.872s]       |                                                                               [01;31m[K^~~~~~~~~~~~~~~~~~~~~[m[K
[4.872s]       |                                                                               [32m[KLaneChangeDirection[m[K
[7.414s] gmake[2]: *** [CMakeFiles/trajectory_remmaper.dir/build.make:76: CMakeFiles/trajectory_remmaper.dir/src/main.cpp.o] Error 1
[7.415s] gmake[1]: *** [CMakeFiles/Makefile2:137: CMakeFiles/trajectory_remmaper.dir/all] Error 2
[7.415s] gmake: *** [Makefile:146: all] Error 2
[7.418s] Invoked command in '/home/pi/cooperate_request/build/lane_change_request' returned '2': CMAKE_PREFIX_PATH=${CMAKE_PREFIX_PATH}:/home/pi/autoware/install/simulator_compatibility_test:/home/pi/autoware/install/ad_api_visualizers:/opt/ros/humble /usr/bin/cmake --build /home/pi/cooperate_request/build/lane_change_request -- -j24 -l24
