-- The C compiler identification is GNU 11.4.0
-- The CXX compiler identification is GNU 11.4.0
-- Detecting C compiler ABI info
-- Detecting C compiler ABI info - done
-- Check for working C compiler: /usr/bin/cc - skipped
-- Detecting C compile features
-- Detecting C compile features - done
-- Detecting CXX compiler ABI info
-- Detecting CXX compiler ABI info - done
-- Check for working CXX compiler: /usr/bin/c++ - skipped
-- Detecting CXX compile features
-- Detecting CXX compile features - done
-- Found ament_cmake: 1.3.8 (/opt/ros/humble/share/ament_cmake/cmake)
-- Found Python3: /usr/bin/python3 (found version "3.10.12") found components: Interpreter 
-- Found rclcpp: 16.0.8 (/opt/ros/humble/share/rclcpp/cmake)
-- Found rosidl_generator_c: 3.1.5 (/opt/ros/humble/share/rosidl_generator_c/cmake)
-- Found rosidl_adapter: 3.1.5 (/opt/ros/humble/share/rosidl_adapter/cmake)
-- Found rosidl_generator_cpp: 3.1.5 (/opt/ros/humble/share/rosidl_generator_cpp/cmake)
-- Using all available rosidl_typesupport_c: rosidl_typesupport_fastrtps_c;rosidl_typesupport_introspection_c
-- Using all available rosidl_typesupport_cpp: rosidl_typesupport_fastrtps_cpp;rosidl_typesupport_introspection_cpp
-- Found rmw_implementation_cmake: 6.1.1 (/opt/ros/humble/share/rmw_implementation_cmake/cmake)
-- Found rmw_cyclonedds_cpp: 1.3.4 (/opt/ros/humble/share/rmw_cyclonedds_cpp/cmake)
-- Using RMW implementation 'rmw_cyclonedds_cpp' as default
-- Looking for pthread.h
-- Looking for pthread.h - found
-- Performing Test CMAKE_HAVE_LIBC_PTHREAD
-- Performing Test CMAKE_HAVE_LIBC_PTHREAD - Success
-- Found Threads: TRUE  
-- Found tier4_planning_msgs: 0.1.0 (/home/pi/autoware/install/tier4_planning_msgs/share/tier4_planning_msgs/cmake)
-- Found autoware_auto_planning_msgs: 1.0.0 (/home/pi/autoware/install/autoware_auto_planning_msgs/share/autoware_auto_planning_msgs/cmake)
-- Found tier4_autoware_utils: 0.1.0 (/home/pi/autoware/install/tier4_autoware_utils/share/tier4_autoware_utils/cmake)
-- Found eigen3_cmake_module: 0.1.1 (/opt/ros/humble/share/eigen3_cmake_module/cmake)
-- Found Eigen3: TRUE (found version "3.4.0") 
-- Ensuring Eigen3 include directory is part of orocos-kdl CMake target
-- Found vehicle_info_util: 0.1.0 (/home/pi/autoware/install/vehicle_info_util/share/vehicle_info_util/cmake)
-- Found motion_utils: 0.1.0 (/home/pi/autoware/install/motion_utils/share/motion_utils/cmake)
-- Found obstacle_avoidance_planner: 0.1.0 (/home/pi/autoware/install/obstacle_avoidance_planner/share/obstacle_avoidance_planner/cmake)
-- Configuring incomplete, errors occurred!
See also "/home/pi/cooperate_request/build/lane_change_request/CMakeFiles/CMakeOutput.log".
