[0.029s] Invoking command in '/home/pi/cooperate_request/build/lane_change_request': CMAKE_PREFIX_PATH=${CMAKE_PREFIX_PATH}:/home/pi/autoware/install/simulator_compatibility_test:/home/pi/autoware/install/ad_api_visualizers:/opt/ros/humble /usr/bin/cmake /home/pi/cooperate_request/src/lane_change_request -DCMAKE_INSTALL_PREFIX=/home/pi/cooperate_request/install/lane_change_request
[0.145s] -- The C compiler identification is GNU 11.4.0
[0.214s] -- The CXX compiler identification is GNU 11.4.0
[0.226s] -- Detecting C compiler ABI info
[0.376s] -- Detecting C compiler ABI info - done
[0.381s] -- Check for working C compiler: /usr/bin/cc - skipped
[0.381s] -- Detecting C compile features
[0.381s] -- Detecting C compile features - done
[0.384s] -- Detecting CXX compiler ABI info
[0.537s] -- Detecting CXX compiler ABI info - done
[0.543s] -- Check for working CXX compiler: /usr/bin/c++ - skipped
[0.544s] -- Detecting CXX compile features
[0.545s] -- Detecting CXX compile features - done
[0.582s] -- Found ament_cmake: 1.3.8 (/opt/ros/humble/share/ament_cmake/cmake)
[0.821s] -- Found Python3: /usr/bin/python3 (found version "3.10.12") found components: Interpreter 
[1.231s] -- Found rclcpp: 16.0.8 (/opt/ros/humble/share/rclcpp/cmake)
[1.478s] -- Found rosidl_generator_c: 3.1.5 (/opt/ros/humble/share/rosidl_generator_c/cmake)
[1.523s] -- Found rosidl_adapter: 3.1.5 (/opt/ros/humble/share/rosidl_adapter/cmake)
[1.571s] -- Found rosidl_generator_cpp: 3.1.5 (/opt/ros/humble/share/rosidl_generator_cpp/cmake)
[1.634s] -- Using all available rosidl_typesupport_c: rosidl_typesupport_fastrtps_c;rosidl_typesupport_introspection_c
[1.720s] -- Using all available rosidl_typesupport_cpp: rosidl_typesupport_fastrtps_cpp;rosidl_typesupport_introspection_cpp
[1.992s] -- Found rmw_implementation_cmake: 6.1.1 (/opt/ros/humble/share/rmw_implementation_cmake/cmake)
[2.025s] -- Found rmw_cyclonedds_cpp: 1.3.4 (/opt/ros/humble/share/rmw_cyclonedds_cpp/cmake)
[2.182s] -- Using RMW implementation 'rmw_cyclonedds_cpp' as default
[2.252s] -- Looking for pthread.h
[2.403s] -- Looking for pthread.h - found
[2.403s] -- Performing Test CMAKE_HAVE_LIBC_PTHREAD
[2.554s] -- Performing Test CMAKE_HAVE_LIBC_PTHREAD - Success
[2.555s] -- Found Threads: TRUE  
[2.772s] -- Found tier4_planning_msgs: 0.1.0 (/home/pi/autoware/install/tier4_planning_msgs/share/tier4_planning_msgs/cmake)
[3.009s] -- Found autoware_auto_planning_msgs: 1.0.0 (/home/pi/autoware/install/autoware_auto_planning_msgs/share/autoware_auto_planning_msgs/cmake)
[3.399s] -- Found tier4_autoware_utils: 0.1.0 (/home/pi/autoware/install/tier4_autoware_utils/share/tier4_autoware_utils/cmake)
[4.080s] -- Found eigen3_cmake_module: 0.1.1 (/opt/ros/humble/share/eigen3_cmake_module/cmake)
[4.081s] -- Found Eigen3: TRUE (found version "3.4.0") 
[4.081s] -- Ensuring Eigen3 include directory is part of orocos-kdl CMake target
[4.596s] -- Found vehicle_info_util: 0.1.0 (/home/pi/autoware/install/vehicle_info_util/share/vehicle_info_util/cmake)
[4.841s] -- Found motion_utils: 0.1.0 (/home/pi/autoware/install/motion_utils/share/motion_utils/cmake)
[5.608s] -- Found obstacle_avoidance_planner: 0.1.0 (/home/pi/autoware/install/obstacle_avoidance_planner/share/obstacle_avoidance_planner/cmake)
[7.103s] [31mCMake Error at /opt/ros/humble/share/ament_cmake_target_dependencies/cmake/ament_target_dependencies.cmake:42 (message):
[7.103s]   ament_target_dependencies() the first argument must be a valid target name
[7.103s] Call Stack (most recent call first):
[7.103s]   CMakeLists.txt:29 (ament_target_dependencies)
[7.103s] 
[7.103s] [0m
[7.103s] -- Configuring incomplete, errors occurred!
[7.103s] See also "/home/pi/cooperate_request/build/lane_change_request/CMakeFiles/CMakeOutput.log".
[7.111s] Invoked command in '/home/pi/cooperate_request/build/lane_change_request' returned '1': CMAKE_PREFIX_PATH=${CMAKE_PREFIX_PATH}:/home/pi/autoware/install/simulator_compatibility_test:/home/pi/autoware/install/ad_api_visualizers:/opt/ros/humble /usr/bin/cmake /home/pi/cooperate_request/src/lane_change_request -DCMAKE_INSTALL_PREFIX=/home/pi/cooperate_request/install/lane_change_request
