In file included from [01m[K/usr/include/boost/math/tools/cxx03_warn.hpp:9[m[K,
                 from [01m[K/usr/include/boost/math/constants/constants.hpp:11[m[K,
                 from [01m[K/usr/include/boost/geometry/util/math.hpp:29[m[K,
                 from [01m[K/usr/include/boost/geometry/util/is_inverse_spheroidal_coordinates.hpp:19[m[K,
                 from [01m[K/usr/include/boost/geometry/algorithms/detail/assign_values.hpp:42[m[K,
                 from [01m[K/usr/include/boost/geometry/algorithms/detail/assign_box_corners.hpp:21[m[K,
                 from [01m[K/usr/include/boost/geometry/algorithms/convert.hpp:38[m[K,
                 from [01m[K/usr/include/boost/geometry/geometries/box.hpp:22[m[K,
                 from [01m[K/usr/include/boost/geometry/geometries/geometries.hpp:25[m[K,
                 from [01m[K/home/pi/autoware/install/tier4_autoware_utils/include/tier4_autoware_utils/geometry/boost_geometry.hpp:19[m[K,
                 from [01m[K/home/pi/autoware/install/tier4_autoware_utils/include/tier4_autoware_utils/tier4_autoware_utils.hpp:18[m[K,
                 from [01m[K/home/pi/autoware/install/obstacle_avoidance_planner/include/obstacle_avoidance_planner/common_structs.hpp:20[m[K,
                 from [01m[K/home/pi/cooperate_request/src/lane_change_request/src/main.cpp:20[m[K:
[01m[K/usr/include/boost/detail/no_exceptions_support.hpp:17:1:[m[K [01;36m[Knote: [m[K‘[01m[K#pragma message: This header is deprecated. Use <boost/core/no_exceptions_support.hpp> instead.[m[K’
   17 | [01;36m[KBOOST_HEADER_DEPRECATED[m[K("<boost/core/no_exceptions_support.hpp>")
      | [01;36m[K^~~~~~~~~~~~~~~~~~~~~~~[m[K
In file included from [01m[K/usr/include/x86_64-linux-gnu/c++/11/bits/c++allocator.h:33[m[K,
                 from [01m[K/usr/include/c++/11/bits/allocator.h:46[m[K,
                 from [01m[K/usr/include/c++/11/unordered_map:40[m[K,
                 from [01m[K/usr/include/c++/11/functional:61[m[K,
                 from [01m[K/usr/include/c++/11/pstl/glue_algorithm_defs.h:13[m[K,
                 from [01m[K/usr/include/c++/11/algorithm:74[m[K,
                 from [01m[K/opt/ros/humble/include/builtin_interfaces/builtin_interfaces/msg/detail/time__struct.hpp:8[m[K,
                 from [01m[K/opt/ros/humble/include/builtin_interfaces/builtin_interfaces/msg/time.hpp:7[m[K,
                 from [01m[K/opt/ros/humble/include/rclcpp/rclcpp/time.hpp:18[m[K,
                 from [01m[K/home/pi/cooperate_request/src/lane_change_request/src/main.cpp:16[m[K:
/usr/include/c++/11/ext/new_allocator.h: In instantiation of ‘[01m[Kvoid __gnu_cxx::new_allocator<_Tp>::construct(_Up*, _Args&& ...) [with _Up = trajectory_remap_node::TrajectoryRemapper; _Args = {rclcpp::NodeOptions&}; _Tp = trajectory_remap_node::TrajectoryRemapper][m[K’:
[01m[K/usr/include/c++/11/bits/alloc_traits.h:516:17:[m[K   required from ‘[01m[Kstatic void std::allocator_traits<std::allocator<_Tp1> >::construct(std::allocator_traits<std::allocator<_Tp1> >::allocator_type&, _Up*, _Args&& ...) [with _Up = trajectory_remap_node::TrajectoryRemapper; _Args = {rclcpp::NodeOptions&}; _Tp = trajectory_remap_node::TrajectoryRemapper; std::allocator_traits<std::allocator<_Tp1> >::allocator_type = std::allocator<trajectory_remap_node::TrajectoryRemapper>][m[K’
[01m[K/usr/include/c++/11/bits/shared_ptr_base.h:519:39:[m[K   required from ‘[01m[Kstd::_Sp_counted_ptr_inplace<_Tp, _Alloc, _Lp>::_Sp_counted_ptr_inplace(_Alloc, _Args&& ...) [with _Args = {rclcpp::NodeOptions&}; _Tp = trajectory_remap_node::TrajectoryRemapper; _Alloc = std::allocator<trajectory_remap_node::TrajectoryRemapper>; __gnu_cxx::_Lock_policy _Lp = __gnu_cxx::_S_atomic][m[K’
[01m[K/usr/include/c++/11/bits/shared_ptr_base.h:650:16:[m[K   required from ‘[01m[Kstd::__shared_count<_Lp>::__shared_count(_Tp*&, std::_Sp_alloc_shared_tag<_Alloc>, _Args&& ...) [with _Tp = trajectory_remap_node::TrajectoryRemapper; _Alloc = std::allocator<trajectory_remap_node::TrajectoryRemapper>; _Args = {rclcpp::NodeOptions&}; __gnu_cxx::_Lock_policy _Lp = __gnu_cxx::_S_atomic][m[K’
[01m[K/usr/include/c++/11/bits/shared_ptr_base.h:1342:14:[m[K   required from ‘[01m[Kstd::__shared_ptr<_Tp, _Lp>::__shared_ptr(std::_Sp_alloc_shared_tag<_Tp>, _Args&& ...) [with _Alloc = std::allocator<trajectory_remap_node::TrajectoryRemapper>; _Args = {rclcpp::NodeOptions&}; _Tp = trajectory_remap_node::TrajectoryRemapper; __gnu_cxx::_Lock_policy _Lp = __gnu_cxx::_S_atomic][m[K’
[01m[K/usr/include/c++/11/bits/shared_ptr.h:409:59:[m[K   required from ‘[01m[Kstd::shared_ptr<_Tp>::shared_ptr(std::_Sp_alloc_shared_tag<_Tp>, _Args&& ...) [with _Alloc = std::allocator<trajectory_remap_node::TrajectoryRemapper>; _Args = {rclcpp::NodeOptions&}; _Tp = trajectory_remap_node::TrajectoryRemapper][m[K’
[01m[K/usr/include/c++/11/bits/shared_ptr.h:862:14:[m[K   required from ‘[01m[Kstd::shared_ptr<_Tp> std::allocate_shared(const _Alloc&, _Args&& ...) [with _Tp = trajectory_remap_node::TrajectoryRemapper; _Alloc = std::allocator<trajectory_remap_node::TrajectoryRemapper>; _Args = {rclcpp::NodeOptions&}][m[K’
[01m[K/usr/include/c++/11/bits/shared_ptr.h:878:39:[m[K   required from ‘[01m[Kstd::shared_ptr<_Tp> std::make_shared(_Args&& ...) [with _Tp = trajectory_remap_node::TrajectoryRemapper; _Args = {rclcpp::NodeOptions&}][m[K’
[01m[K/home/pi/cooperate_request/src/lane_change_request/src/main.cpp:233:89:[m[K   required from here
[01m[K/usr/include/c++/11/ext/new_allocator.h:162:11:[m[K [01;31m[Kerror: [m[K‘[01m[Ktrajectory_remap_node::TrajectoryRemapper::TrajectoryRemapper(const rclcpp::NodeOptions&)[m[K’ is private within this context
  162 |         { [01;31m[K::new((void *)__p) _Up(std::forward<_Args>(__args)...)[m[K; }
      |           [01;31m[K^~~~~~~~~~~~~~~~~~~~~~~~~~~~~~~~~~~~~~~~~~~~~~~~~~~~~~[m[K
[01m[K/home/pi/cooperate_request/src/lane_change_request/src/main.cpp:41:3:[m[K [01;36m[Knote: [m[Kdeclared private here
   41 |   [01;36m[KTrajectoryRemapper[m[K(const rclcpp::NodeOptions &node_options)
      |   [01;36m[K^~~~~~~~~~~~~~~~~~[m[K
gmake[2]: *** [CMakeFiles/trajectory_remmaper.dir/build.make:76: CMakeFiles/trajectory_remmaper.dir/src/main.cpp.o] Error 1
gmake[1]: *** [CMakeFiles/Makefile2:137: CMakeFiles/trajectory_remmaper.dir/all] Error 2
gmake: *** [Makefile:146: all] Error 2
