[35m[1mConsolidate compiler generated dependencies of target trajectory_remmaper[0m
[ 50%] [32mBuilding CXX object CMakeFiles/trajectory_remmaper.dir/src/main.cpp.o[0m
In file included from [01m[K/usr/include/boost/math/tools/cxx03_warn.hpp:9[m[K,
                 from [01m[K/usr/include/boost/math/constants/constants.hpp:11[m[K,
                 from [01m[K/usr/include/boost/geometry/util/math.hpp:29[m[K,
                 from [01m[K/usr/include/boost/geometry/util/is_inverse_spheroidal_coordinates.hpp:19[m[K,
                 from [01m[K/usr/include/boost/geometry/algorithms/detail/assign_values.hpp:42[m[K,
                 from [01m[K/usr/include/boost/geometry/algorithms/detail/assign_box_corners.hpp:21[m[K,
                 from [01m[K/usr/include/boost/geometry/algorithms/convert.hpp:38[m[K,
                 from [01m[K/usr/include/boost/geometry/geometries/box.hpp:22[m[K,
                 from [01m[K/usr/include/boost/geometry/geometries/geometries.hpp:25[m[K,
                 from [01m[K/home/pi/autoware/install/tier4_autoware_utils/include/tier4_autoware_utils/geometry/boost_geometry.hpp:19[m[K,
                 from [01m[K/home/pi/autoware/install/tier4_autoware_utils/include/tier4_autoware_utils/geometry/geometry.hpp:23[m[K,
                 from [01m[K/home/pi/autoware/install/motion_utils/include/motion_utils/trajectory/trajectory.hpp:18[m[K,
                 from [01m[K/home/pi/autoware/install/motion_utils/include/motion_utils/resample/resample_utils.hpp:19[m[K,
                 from [01m[K/home/pi/autoware/install/motion_utils/include/motion_utils/marker/marker_helper.hpp:18[m[K,
                 from [01m[K/home/pi/autoware/install/motion_utils/include/motion_utils/motion_utils.hpp:19[m[K,
                 from [01m[K/home/pi/cooperate_request/src/lane_change_request/include/lane_change_request/lane.hpp:18[m[K,
                 from [01m[K/home/pi/cooperate_request/src/lane_change_request/src/main.cpp:15[m[K:
[01m[K/usr/include/boost/detail/no_exceptions_support.hpp:17:1:[m[K [01;36m[Knote: [m[K‘[01m[K#pragma message: This header is deprecated. Use <boost/core/no_exceptions_support.hpp> instead.[m[K’
   17 | [01;36m[KBOOST_HEADER_DEPRECATED[m[K("<boost/core/no_exceptions_support.hpp>")
      | [01;36m[K^~~~~~~~~~~~~~~~~~~~~~~[m[K
[100%] [32m[1mLinking CXX executable trajectory_remmaper[0m
[100%] Built target trajectory_remmaper
-- Install configuration: ""
-- Installing: /home/pi/cooperate_request/install/lane_change_request/lib/lane_change_request/trajectory_remmaper
-- Set runtime path of "/home/pi/cooperate_request/install/lane_change_request/lib/lane_change_request/trajectory_remmaper" to ""
-- Installing: /home/pi/cooperate_request/install/lane_change_request/share/ament_index/resource_index/package_run_dependencies/lane_change_request
-- Installing: /home/pi/cooperate_request/install/lane_change_request/share/ament_index/resource_index/parent_prefix_path/lane_change_request
-- Installing: /home/pi/cooperate_request/install/lane_change_request/share/lane_change_request/environment/ament_prefix_path.sh
-- Installing: /home/pi/cooperate_request/install/lane_change_request/share/lane_change_request/environment/ament_prefix_path.dsv
-- Installing: /home/pi/cooperate_request/install/lane_change_request/share/lane_change_request/environment/path.sh
-- Installing: /home/pi/cooperate_request/install/lane_change_request/share/lane_change_request/environment/path.dsv
-- Installing: /home/pi/cooperate_request/install/lane_change_request/share/lane_change_request/local_setup.bash
-- Installing: /home/pi/cooperate_request/install/lane_change_request/share/lane_change_request/local_setup.sh
-- Installing: /home/pi/cooperate_request/install/lane_change_request/share/lane_change_request/local_setup.zsh
-- Installing: /home/pi/cooperate_request/install/lane_change_request/share/lane_change_request/local_setup.dsv
-- Installing: /home/pi/cooperate_request/install/lane_change_request/share/lane_change_request/package.dsv
-- Installing: /home/pi/cooperate_request/install/lane_change_request/share/ament_index/resource_index/packages/lane_change_request
-- Installing: /home/pi/cooperate_request/install/lane_change_request/share/lane_change_request/cmake/lane_change_requestConfig.cmake
-- Installing: /home/pi/cooperate_request/install/lane_change_request/share/lane_change_request/cmake/lane_change_requestConfig-version.cmake
-- Installing: /home/pi/cooperate_request/install/lane_change_request/share/lane_change_request/package.xml
