[0.030s] Invoking command in '/home/pi/cooperate_request/build/lane_change_request': CMAKE_PREFIX_PATH=${CMAKE_PREFIX_PATH}:/home/pi/autoware/install/simulator_compatibility_test:/home/pi/autoware/install/ad_api_visualizers:/opt/ros/humble /usr/bin/cmake --build /home/pi/cooperate_request/build/lane_change_request -- -j24 -l24
[0.153s] [35m[1mConsolidate compiler generated dependencies of target trajectory_remmaper[0m
[0.212s] [ 50%] [32mBuilding CXX object CMakeFiles/trajectory_remmaper.dir/src/main.cpp.o[0m
[4.323s] In file included from [01m[K/usr/include/boost/math/tools/cxx03_warn.hpp:9[m[K,
[4.323s]                  from [01m[K/usr/include/boost/math/constants/constants.hpp:11[m[K,
[4.323s]                  from [01m[K/usr/include/boost/geometry/util/math.hpp:29[m[K,
[4.323s]                  from [01m[K/usr/include/boost/geometry/util/is_inverse_spheroidal_coordinates.hpp:19[m[K,
[4.323s]                  from [01m[K/usr/include/boost/geometry/algorithms/detail/assign_values.hpp:42[m[K,
[4.323s]                  from [01m[K/usr/include/boost/geometry/algorithms/detail/assign_box_corners.hpp:21[m[K,
[4.323s]                  from [01m[K/usr/include/boost/geometry/algorithms/convert.hpp:38[m[K,
[4.323s]                  from [01m[K/usr/include/boost/geometry/geometries/box.hpp:22[m[K,
[4.323s]                  from [01m[K/usr/include/boost/geometry/geometries/geometries.hpp:25[m[K,
[4.323s]                  from [01m[K/home/pi/autoware/install/tier4_autoware_utils/include/tier4_autoware_utils/geometry/boost_geometry.hpp:19[m[K,
[4.323s]                  from [01m[K/home/pi/autoware/install/tier4_autoware_utils/include/tier4_autoware_utils/geometry/geometry.hpp:23[m[K,
[4.324s]                  from [01m[K/home/pi/autoware/install/motion_utils/include/motion_utils/trajectory/trajectory.hpp:18[m[K,
[4.324s]                  from [01m[K/home/pi/autoware/install/motion_utils/include/motion_utils/resample/resample_utils.hpp:19[m[K,
[4.324s]                  from [01m[K/home/pi/autoware/install/motion_utils/include/motion_utils/marker/marker_helper.hpp:18[m[K,
[4.324s]                  from [01m[K/home/pi/autoware/install/motion_utils/include/motion_utils/motion_utils.hpp:19[m[K,
[4.324s]                  from [01m[K/home/pi/cooperate_request/src/lane_change_request/include/lane_change_request/lane.hpp:18[m[K,
[4.324s]                  from [01m[K/home/pi/cooperate_request/src/lane_change_request/src/main.cpp:15[m[K:
[4.324s] [01m[K/usr/include/boost/detail/no_exceptions_support.hpp:17:1:[m[K [01;36m[Knote: [m[K‘[01m[K#pragma message: This header is deprecated. Use <boost/core/no_exceptions_support.hpp> instead.[m[K’
[4.324s]    17 | [01;36m[KBOOST_HEADER_DEPRECATED[m[K("<boost/core/no_exceptions_support.hpp>")
[4.324s]       | [01;36m[K^~~~~~~~~~~~~~~~~~~~~~~[m[K
[9.613s] [100%] [32m[1mLinking CXX executable trajectory_remmaper[0m
[10.044s] [100%] Built target trajectory_remmaper
[10.076s] Invoked command in '/home/pi/cooperate_request/build/lane_change_request' returned '0': CMAKE_PREFIX_PATH=${CMAKE_PREFIX_PATH}:/home/pi/autoware/install/simulator_compatibility_test:/home/pi/autoware/install/ad_api_visualizers:/opt/ros/humble /usr/bin/cmake --build /home/pi/cooperate_request/build/lane_change_request -- -j24 -l24
[10.213s] Invoking command in '/home/pi/cooperate_request/build/lane_change_request': CMAKE_PREFIX_PATH=${CMAKE_PREFIX_PATH}:/home/pi/autoware/install/simulator_compatibility_test:/home/pi/autoware/install/ad_api_visualizers:/opt/ros/humble /usr/bin/cmake --install /home/pi/cooperate_request/build/lane_change_request
[10.235s] -- Install configuration: ""
[10.236s] -- Installing: /home/pi/cooperate_request/install/lane_change_request/lib/lane_change_request/trajectory_remmaper
[10.239s] -- Set runtime path of "/home/pi/cooperate_request/install/lane_change_request/lib/lane_change_request/trajectory_remmaper" to ""
[10.239s] -- Installing: /home/pi/cooperate_request/install/lane_change_request/share/ament_index/resource_index/package_run_dependencies/lane_change_request
[10.239s] -- Installing: /home/pi/cooperate_request/install/lane_change_request/share/ament_index/resource_index/parent_prefix_path/lane_change_request
[10.239s] -- Installing: /home/pi/cooperate_request/install/lane_change_request/share/lane_change_request/environment/ament_prefix_path.sh
[10.240s] -- Installing: /home/pi/cooperate_request/install/lane_change_request/share/lane_change_request/environment/ament_prefix_path.dsv
[10.240s] -- Installing: /home/pi/cooperate_request/install/lane_change_request/share/lane_change_request/environment/path.sh
[10.240s] -- Installing: /home/pi/cooperate_request/install/lane_change_request/share/lane_change_request/environment/path.dsv
[10.240s] -- Installing: /home/pi/cooperate_request/install/lane_change_request/share/lane_change_request/local_setup.bash
[10.240s] -- Installing: /home/pi/cooperate_request/install/lane_change_request/share/lane_change_request/local_setup.sh
[10.240s] -- Installing: /home/pi/cooperate_request/install/lane_change_request/share/lane_change_request/local_setup.zsh
[10.240s] -- Installing: /home/pi/cooperate_request/install/lane_change_request/share/lane_change_request/local_setup.dsv
[10.240s] -- Installing: /home/pi/cooperate_request/install/lane_change_request/share/lane_change_request/package.dsv
[10.241s] -- Installing: /home/pi/cooperate_request/install/lane_change_request/share/ament_index/resource_index/packages/lane_change_request
[10.241s] -- Installing: /home/pi/cooperate_request/install/lane_change_request/share/lane_change_request/cmake/lane_change_requestConfig.cmake
[10.241s] -- Installing: /home/pi/cooperate_request/install/lane_change_request/share/lane_change_request/cmake/lane_change_requestConfig-version.cmake
[10.241s] -- Installing: /home/pi/cooperate_request/install/lane_change_request/share/lane_change_request/package.xml
[10.243s] Invoked command in '/home/pi/cooperate_request/build/lane_change_request' returned '0': CMAKE_PREFIX_PATH=${CMAKE_PREFIX_PATH}:/home/pi/autoware/install/simulator_compatibility_test:/home/pi/autoware/install/ad_api_visualizers:/opt/ros/humble /usr/bin/cmake --install /home/pi/cooperate_request/build/lane_change_request
