[0.031s] Invoking command in '/home/pi/cooperate_request/build/lane_change_request': CMAKE_PREFIX_PATH=${CMAKE_PREFIX_PATH}:/home/pi/autoware/install/simulator_compatibility_test:/home/pi/autoware/install/ad_api_visualizers:/opt/ros/humble /usr/bin/cmake --build /home/pi/cooperate_request/build/lane_change_request -- -j24 -l24
[0.149s] [35m[1mConsolidate compiler generated dependencies of target trajectory_remmaper[0m
[0.210s] [ 50%] [32mBuilding CXX object CMakeFiles/trajectory_remmaper.dir/src/main.cpp.o[0m
[4.316s] In file included from [01m[K/usr/include/boost/math/tools/cxx03_warn.hpp:9[m[K,
[4.316s]                  from [01m[K/usr/include/boost/math/constants/constants.hpp:11[m[K,
[4.316s]                  from [01m[K/usr/include/boost/geometry/util/math.hpp:29[m[K,
[4.316s]                  from [01m[K/usr/include/boost/geometry/util/is_inverse_spheroidal_coordinates.hpp:19[m[K,
[4.316s]                  from [01m[K/usr/include/boost/geometry/algorithms/detail/assign_values.hpp:42[m[K,
[4.316s]                  from [01m[K/usr/include/boost/geometry/algorithms/detail/assign_box_corners.hpp:21[m[K,
[4.317s]                  from [01m[K/usr/include/boost/geometry/algorithms/convert.hpp:38[m[K,
[4.317s]                  from [01m[K/usr/include/boost/geometry/geometries/box.hpp:22[m[K,
[4.317s]                  from [01m[K/usr/include/boost/geometry/geometries/geometries.hpp:25[m[K,
[4.317s]                  from [01m[K/home/pi/autoware/install/tier4_autoware_utils/include/tier4_autoware_utils/geometry/boost_geometry.hpp:19[m[K,
[4.317s]                  from [01m[K/home/pi/autoware/install/tier4_autoware_utils/include/tier4_autoware_utils/geometry/geometry.hpp:23[m[K,
[4.317s]                  from [01m[K/home/pi/autoware/install/motion_utils/include/motion_utils/trajectory/trajectory.hpp:18[m[K,
[4.317s]                  from [01m[K/home/pi/autoware/install/motion_utils/include/motion_utils/resample/resample_utils.hpp:19[m[K,
[4.317s]                  from [01m[K/home/pi/autoware/install/motion_utils/include/motion_utils/marker/marker_helper.hpp:18[m[K,
[4.317s]                  from [01m[K/home/pi/autoware/install/motion_utils/include/motion_utils/motion_utils.hpp:19[m[K,
[4.317s]                  from [01m[K/home/pi/cooperate_request/src/lane_change_request/include/lane_change_request/lane.hpp:18[m[K,
[4.317s]                  from [01m[K/home/pi/cooperate_request/src/lane_change_request/src/main.cpp:15[m[K:
[4.317s] [01m[K/usr/include/boost/detail/no_exceptions_support.hpp:17:1:[m[K [01;36m[Knote: [m[K‘[01m[K#pragma message: This header is deprecated. Use <boost/core/no_exceptions_support.hpp> instead.[m[K’
[4.317s]    17 | [01;36m[KBOOST_HEADER_DEPRECATED[m[K("<boost/core/no_exceptions_support.hpp>")
[4.317s]       | [01;36m[K^~~~~~~~~~~~~~~~~~~~~~~[m[K
[4.801s] [01m[K/home/pi/cooperate_request/src/lane_change_request/src/main.cpp:[m[K In function ‘[01m[Kint main(int, char**)[m[K’:
[4.801s] [01m[K/home/pi/cooperate_request/src/lane_change_request/src/main.cpp:142:47:[m[K [01;31m[Kerror: [m[K‘[01m[KTrajectoryRemapper[m[K’ was not declared in this scope; did you mean ‘[01m[Ktrajectory_remap_node::TrajectoryRemapper[m[K’?
[4.801s]   142 |   auto trajectory_remapper = std::make_shared<[01;31m[KTrajectoryRemapper[m[K>(options);
[4.801s]       |                                               [01;31m[K^~~~~~~~~~~~~~~~~~[m[K
[4.801s]       |                                               [32m[Ktrajectory_remap_node::TrajectoryRemapper[m[K
[4.801s] In file included from [01m[K/home/pi/cooperate_request/src/lane_change_request/src/main.cpp:15[m[K:
[4.801s] [01m[K/home/pi/cooperate_request/src/lane_change_request/include/lane_change_request/lane.hpp:34:7:[m[K [01;36m[Knote: [m[K‘[01m[Ktrajectory_remap_node::TrajectoryRemapper[m[K’ declared here
[4.801s]    34 | class [01;36m[KTrajectoryRemapper[m[K : public rclcpp::Node
[4.801s]       |       [01;36m[K^~~~~~~~~~~~~~~~~~[m[K
[4.802s] [01m[K/home/pi/cooperate_request/src/lane_change_request/src/main.cpp:142:66:[m[K [01;31m[Kerror: [m[Kno matching function for call to ‘[01m[Kmake_shared<<expression error> >(rclcpp::NodeOptions&)[m[K’
[4.802s]   142 |   auto trajectory_remapper = [01;31m[Kstd::make_shared<TrajectoryRemapper>(options)[m[K;
[4.802s]       |                              [01;31m[K~~~~~~~~~~~~~~~~~~~~~~~~~~~~~~~~~~~~^~~~~~~~~[m[K
[4.802s] In file included from [01m[K/usr/include/c++/11/memory:77[m[K,
[4.802s]                  from [01m[K/usr/include/boost/geometry/geometries/linestring.hpp:18[m[K,
[4.802s]                  from [01m[K/usr/include/boost/geometry/geometries/geometries.hpp:18[m[K,
[4.802s]                  from [01m[K/home/pi/autoware/install/tier4_autoware_utils/include/tier4_autoware_utils/geometry/boost_geometry.hpp:19[m[K,
[4.802s]                  from [01m[K/home/pi/autoware/install/tier4_autoware_utils/include/tier4_autoware_utils/geometry/geometry.hpp:23[m[K,
[4.802s]                  from [01m[K/home/pi/autoware/install/motion_utils/include/motion_utils/trajectory/trajectory.hpp:18[m[K,
[4.802s]                  from [01m[K/home/pi/autoware/install/motion_utils/include/motion_utils/resample/resample_utils.hpp:19[m[K,
[4.802s]                  from [01m[K/home/pi/autoware/install/motion_utils/include/motion_utils/marker/marker_helper.hpp:18[m[K,
[4.802s]                  from [01m[K/home/pi/autoware/install/motion_utils/include/motion_utils/motion_utils.hpp:19[m[K,
[4.802s]                  from [01m[K/home/pi/cooperate_request/src/lane_change_request/include/lane_change_request/lane.hpp:18[m[K,
[4.802s]                  from [01m[K/home/pi/cooperate_request/src/lane_change_request/src/main.cpp:15[m[K:
[4.802s] [01m[K/usr/include/c++/11/bits/shared_ptr.h:875:5:[m[K [01;36m[Knote: [m[Kcandidate: ‘[01m[Ktemplate<class _Tp, class ... _Args> std::shared_ptr<_Tp> std::make_shared(_Args&& ...)[m[K’
[4.802s]   875 |     [01;36m[Kmake_shared[m[K(_Args&&... __args)
[4.802s]       |     [01;36m[K^~~~~~~~~~~[m[K
[4.802s] [01m[K/usr/include/c++/11/bits/shared_ptr.h:875:5:[m[K [01;36m[Knote: [m[K  template argument deduction/substitution failed:
[4.802s] [01m[K/home/pi/cooperate_request/src/lane_change_request/src/main.cpp:142:66:[m[K [01;31m[Kerror: [m[Ktemplate argument 1 is invalid
[4.802s]   142 |   auto trajectory_remapper = [01;31m[Kstd::make_shared<TrajectoryRemapper>(options)[m[K;
[4.802s]       |                              [01;31m[K~~~~~~~~~~~~~~~~~~~~~~~~~~~~~~~~~~~~^~~~~~~~~[m[K
[7.269s] gmake[2]: *** [CMakeFiles/trajectory_remmaper.dir/build.make:76: CMakeFiles/trajectory_remmaper.dir/src/main.cpp.o] Error 1
[7.270s] gmake[1]: *** [CMakeFiles/Makefile2:137: CMakeFiles/trajectory_remmaper.dir/all] Error 2
[7.270s] gmake: *** [Makefile:146: all] Error 2
[7.273s] Invoked command in '/home/pi/cooperate_request/build/lane_change_request' returned '2': CMAKE_PREFIX_PATH=${CMAKE_PREFIX_PATH}:/home/pi/autoware/install/simulator_compatibility_test:/home/pi/autoware/install/ad_api_visualizers:/opt/ros/humble /usr/bin/cmake --build /home/pi/cooperate_request/build/lane_change_request -- -j24 -l24
