[35m[1mConsolidate compiler generated dependencies of target trajectory_remmaper[0m
[ 50%] [32mBuilding CXX object CMakeFiles/trajectory_remmaper.dir/src/main.cpp.o[0m
In file included from [01m[K/usr/include/boost/math/tools/cxx03_warn.hpp:9[m[K,
                 from [01m[K/usr/include/boost/math/constants/constants.hpp:11[m[K,
                 from [01m[K/usr/include/boost/geometry/util/math.hpp:29[m[K,
                 from [01m[K/usr/include/boost/geometry/util/is_inverse_spheroidal_coordinates.hpp:19[m[K,
                 from [01m[K/usr/include/boost/geometry/algorithms/detail/assign_values.hpp:42[m[K,
                 from [01m[K/usr/include/boost/geometry/algorithms/detail/assign_box_corners.hpp:21[m[K,
                 from [01m[K/usr/include/boost/geometry/algorithms/convert.hpp:38[m[K,
                 from [01m[K/usr/include/boost/geometry/geometries/box.hpp:22[m[K,
                 from [01m[K/usr/include/boost/geometry/geometries/geometries.hpp:25[m[K,
                 from [01m[K/home/pi/autoware/install/tier4_autoware_utils/include/tier4_autoware_utils/geometry/boost_geometry.hpp:19[m[K,
                 from [01m[K/home/pi/autoware/install/tier4_autoware_utils/include/tier4_autoware_utils/tier4_autoware_utils.hpp:18[m[K,
                 from [01m[K/home/pi/cooperate_request/src/lane_change_request/src/main.cpp:21[m[K:
[01m[K/usr/include/boost/detail/no_exceptions_support.hpp:17:1:[m[K [01;36m[Knote: [m[K‘[01m[K#pragma message: This header is deprecated. Use <boost/core/no_exceptions_support.hpp> instead.[m[K’
   17 | [01;36m[KBOOST_HEADER_DEPRECATED[m[K("<boost/core/no_exceptions_support.hpp>")
      | [01;36m[K^~~~~~~~~~~~~~~~~~~~~~~[m[K
[01m[K/home/pi/cooperate_request/src/lane_change_request/src/main.cpp:40:9:[m[K [01;31m[Kerror: [m[Kexpected ‘[01m[K:[m[K’ before ‘[01m[KTrajectoryRemapper[m[K’
   40 |   public[01;31m[K [m[K[32m[KTrajectoryRemapper[m[K(const rclcpp::NodeOptions &node_options)
      |         [01;31m[K^[m[K[32m[K~~~~~~~~~~~~~~~~~~[m[K
      |         [32m[K:[m[K
gmake[2]: *** [CMakeFiles/trajectory_remmaper.dir/build.make:76: CMakeFiles/trajectory_remmaper.dir/src/main.cpp.o] Error 1
gmake[1]: *** [CMakeFiles/Makefile2:137: CMakeFiles/trajectory_remmaper.dir/all] Error 2
gmake: *** [Makefile:146: all] Error 2
