In file included from [01m[K/usr/include/boost/math/tools/cxx03_warn.hpp:9[m[K,
                 from [01m[K/usr/include/boost/math/constants/constants.hpp:11[m[K,
                 from [01m[K/usr/include/boost/geometry/util/math.hpp:29[m[K,
                 from [01m[K/usr/include/boost/geometry/util/is_inverse_spheroidal_coordinates.hpp:19[m[K,
                 from [01m[K/usr/include/boost/geometry/algorithms/detail/assign_values.hpp:42[m[K,
                 from [01m[K/usr/include/boost/geometry/algorithms/detail/assign_box_corners.hpp:21[m[K,
                 from [01m[K/usr/include/boost/geometry/algorithms/convert.hpp:38[m[K,
                 from [01m[K/usr/include/boost/geometry/geometries/box.hpp:22[m[K,
                 from [01m[K/usr/include/boost/geometry/geometries/geometries.hpp:25[m[K,
                 from [01m[K/home/pi/autoware/install/tier4_autoware_utils/include/tier4_autoware_utils/geometry/boost_geometry.hpp:19[m[K,
                 from [01m[K/home/pi/autoware/install/tier4_autoware_utils/include/tier4_autoware_utils/geometry/geometry.hpp:23[m[K,
                 from [01m[K/home/pi/autoware/install/motion_utils/include/motion_utils/trajectory/trajectory.hpp:18[m[K,
                 from [01m[K/home/pi/autoware/install/motion_utils/include/motion_utils/resample/resample_utils.hpp:19[m[K,
                 from [01m[K/home/pi/autoware/install/motion_utils/include/motion_utils/marker/marker_helper.hpp:18[m[K,
                 from [01m[K/home/pi/autoware/install/motion_utils/include/motion_utils/motion_utils.hpp:19[m[K,
                 from [01m[K/home/pi/cooperate_request/src/lane_change_request/include/lane_change_request/lane.hpp:18[m[K,
                 from [01m[K/home/pi/cooperate_request/src/lane_change_request/src/main.cpp:15[m[K:
[01m[K/usr/include/boost/detail/no_exceptions_support.hpp:17:1:[m[K [01;36m[Knote: [m[K‘[01m[K#pragma message: This header is deprecated. Use <boost/core/no_exceptions_support.hpp> instead.[m[K’
   17 | [01;36m[KBOOST_HEADER_DEPRECATED[m[K("<boost/core/no_exceptions_support.hpp>")
      | [01;36m[K^~~~~~~~~~~~~~~~~~~~~~~[m[K
In file included from [01m[K/home/pi/cooperate_request/src/lane_change_request/src/main.cpp:15[m[K:
[01m[K/home/pi/cooperate_request/src/lane_change_request/include/lane_change_request/lane.hpp:[m[K In static member function ‘[01m[Kstatic autoware_auto_planning_msgs::msg::Trajectory TrajectoryRemmaper::modifyTrajectory(autoware_auto_planning_msgs::msg::Trajectory&, LaneChangeDirection, bool)[m[K’:
[01m[K/home/pi/cooperate_request/src/lane_change_request/include/lane_change_request/lane.hpp:43:26:[m[K [01;31m[Kerror: [m[K‘[01m[Kusing Trajectory = struct autoware_auto_planning_msgs::msg::Trajectory_<std::allocator<void> >[m[K’ {aka ‘[01m[Kstruct autoware_auto_planning_msgs::msg::Trajectory_<std::allocator<void> >[m[K’} has no member named ‘[01m[Kempty[m[K’
   43 |     if (input_trajectory.[01;31m[Kempty[m[K())
      |                          [01;31m[K^~~~~[m[K
[01m[K/home/pi/cooperate_request/src/lane_change_request/include/lane_change_request/lane.hpp:54:46:[m[K [01;31m[Kerror: [m[K‘[01m[Kusing Trajectory = struct autoware_auto_planning_msgs::msg::Trajectory_<std::allocator<void> >[m[K’ {aka ‘[01m[Kstruct autoware_auto_planning_msgs::msg::Trajectory_<std::allocator<void> >[m[K’} has no member named ‘[01m[Kback[m[K’
   54 |     double total_time = (modified_trajectory.[01;31m[Kback[m[K().pose.position.x - modified_trajectory.front().pose.position.x) /
      |                                              [01;31m[K^~~~[m[K
[01m[K/home/pi/cooperate_request/src/lane_change_request/include/lane_change_request/lane.hpp:54:91:[m[K [01;31m[Kerror: [m[K‘[01m[Kusing Trajectory = struct autoware_auto_planning_msgs::msg::Trajectory_<std::allocator<void> >[m[K’ {aka ‘[01m[Kstruct autoware_auto_planning_msgs::msg::Trajectory_<std::allocator<void> >[m[K’} has no member named ‘[01m[Kfront[m[K’
   54 |     double total_time = (modified_trajectory.back().pose.position.x - modified_trajectory.[01;31m[Kfront[m[K().pose.position.x) /
      |                                                                                           [01;31m[K^~~~~[m[K
[01m[K/home/pi/cooperate_request/src/lane_change_request/include/lane_change_request/lane.hpp:55:45:[m[K [01;31m[Kerror: [m[K‘[01m[Kusing Trajectory = struct autoware_auto_planning_msgs::msg::Trajectory_<std::allocator<void> >[m[K’ {aka ‘[01m[Kstruct autoware_auto_planning_msgs::msg::Trajectory_<std::allocator<void> >[m[K’} has no member named ‘[01m[Kfront[m[K’
   55 |                         modified_trajectory.[01;31m[Kfront[m[K().longitudinal_velocity_mps;
      |                                             [01;31m[K^~~~~[m[K
[01m[K/home/pi/cooperate_request/src/lane_change_request/include/lane_change_request/lane.hpp:69:51:[m[K [01;31m[Kerror: [m[K‘[01m[Kusing Trajectory = struct autoware_auto_planning_msgs::msg::Trajectory_<std::allocator<void> >[m[K’ {aka ‘[01m[Kstruct autoware_auto_planning_msgs::msg::Trajectory_<std::allocator<void> >[m[K’} has no member named ‘[01m[Kfront[m[K’
   69 |     double initial_velocity = modified_trajectory.[01;31m[Kfront[m[K().longitudinal_velocity_mps;
      |                                                   [01;31m[K^~~~~[m[K
[01m[K/home/pi/cooperate_request/src/lane_change_request/include/lane_change_request/lane.hpp:70:50:[m[K [01;31m[Kerror: [m[K‘[01m[Kusing Trajectory = struct autoware_auto_planning_msgs::msg::Trajectory_<std::allocator<void> >[m[K’ {aka ‘[01m[Kstruct autoware_auto_planning_msgs::msg::Trajectory_<std::allocator<void> >[m[K’} has no member named ‘[01m[Kback[m[K’
   70 |     double target_velocity = modified_trajectory.[01;31m[Kback[m[K().longitudinal_velocity_mps;
      |                                                  [01;31m[K^~~~[m[K
[01m[K/home/pi/cooperate_request/src/lane_change_request/include/lane_change_request/lane.hpp:78:48:[m[K [01;31m[Kerror: [m[K‘[01m[Kusing Trajectory = struct autoware_auto_planning_msgs::msg::Trajectory_<std::allocator<void> >[m[K’ {aka ‘[01m[Kstruct autoware_auto_planning_msgs::msg::Trajectory_<std::allocator<void> >[m[K’} has no member named ‘[01m[Ksize[m[K’
   78 |     for (size_t i = 0; i < modified_trajectory.[01;31m[Ksize[m[K(); ++i)
      |                                                [01;31m[K^~~~[m[K
[01m[K/home/pi/cooperate_request/src/lane_change_request/include/lane_change_request/lane.hpp:80:57:[m[K [01;31m[Kerror: [m[K‘[01m[Kusing Trajectory = struct autoware_auto_planning_msgs::msg::Trajectory_<std::allocator<void> >[m[K’ {aka ‘[01m[Kstruct autoware_auto_planning_msgs::msg::Trajectory_<std::allocator<void> >[m[K’} has no member named ‘[01m[Ksize[m[K’
   80 |       double t = i * (total_time / (modified_trajectory.[01;31m[Ksize[m[K() - 1.0));
      |                                                         [01;31m[K^~~~[m[K
[01m[K/home/pi/cooperate_request/src/lane_change_request/include/lane_change_request/lane.hpp:87:26:[m[K [01;31m[Kerror: [m[Kno match for ‘[01m[Koperator[][m[K’ (operand types are ‘[01m[Kautoware_auto_planning_msgs::msg::Trajectory[m[K’ {aka ‘[01m[Kautoware_auto_planning_msgs::msg::Trajectory_<std::allocator<void> >[m[K’} and ‘[01m[Ksize_t[m[K’ {aka ‘[01m[Klong unsigned int[m[K’})
   87 |       modified_trajectory[01;31m[K[[m[Ki].pose.position.y += lateral_pos;
      |                          [01;31m[K^[m[K
[01m[K/home/pi/cooperate_request/src/lane_change_request/include/lane_change_request/lane.hpp:110:28:[m[K [01;31m[Kerror: [m[Kno match for ‘[01m[Koperator[][m[K’ (operand types are ‘[01m[Kautoware_auto_planning_msgs::msg::Trajectory[m[K’ {aka ‘[01m[Kautoware_auto_planning_msgs::msg::Trajectory_<std::allocator<void> >[m[K’} and ‘[01m[Ksize_t[m[K’ {aka ‘[01m[Klong unsigned int[m[K’})
  110 |         modified_trajectory[01;31m[K[[m[Ki].longitudinal_velocity_mps = current_velocity;
      |                            [01;31m[K^[m[K
[01m[K/home/pi/cooperate_request/src/lane_change_request/include/lane_change_request/lane.hpp:111:28:[m[K [01;31m[Kerror: [m[Kno match for ‘[01m[Koperator[][m[K’ (operand types are ‘[01m[Kautoware_auto_planning_msgs::msg::Trajectory[m[K’ {aka ‘[01m[Kautoware_auto_planning_msgs::msg::Trajectory_<std::allocator<void> >[m[K’} and ‘[01m[Ksize_t[m[K’ {aka ‘[01m[Klong unsigned int[m[K’})
  111 |         modified_trajectory[01;31m[K[[m[Ki].acceleration_mps2 = current_acceleration;
      |                            [01;31m[K^[m[K
[01m[K/home/pi/cooperate_request/src/lane_change_request/include/lane_change_request/lane.hpp:123:26:[m[K [01;31m[Kerror: [m[Kno match for ‘[01m[Koperator[][m[K’ (operand types are ‘[01m[Kautoware_auto_planning_msgs::msg::Trajectory[m[K’ {aka ‘[01m[Kautoware_auto_planning_msgs::msg::Trajectory_<std::allocator<void> >[m[K’} and ‘[01m[Ksize_t[m[K’ {aka ‘[01m[Klong unsigned int[m[K’})
  123 |       modified_trajectory[01;31m[K[[m[Ki].heading_rate_rps = modified_trajectory[i].longitudinal_velocity_mps * curvature;
      |                          [01;31m[K^[m[K
[01m[K/home/pi/cooperate_request/src/lane_change_request/include/lane_change_request/lane.hpp:123:68:[m[K [01;31m[Kerror: [m[Kno match for ‘[01m[Koperator[][m[K’ (operand types are ‘[01m[Kautoware_auto_planning_msgs::msg::Trajectory[m[K’ {aka ‘[01m[Kautoware_auto_planning_msgs::msg::Trajectory_<std::allocator<void> >[m[K’} and ‘[01m[Ksize_t[m[K’ {aka ‘[01m[Klong unsigned int[m[K’})
  123 |       modified_trajectory[i].heading_rate_rps = modified_trajectory[01;31m[K[[m[Ki].longitudinal_velocity_mps * curvature;
      |                                                                    [01;31m[K^[m[K
[01m[K/home/pi/cooperate_request/src/lane_change_request/include/lane_change_request/lane.hpp:132:26:[m[K [01;31m[Kerror: [m[Kno match for ‘[01m[Koperator[][m[K’ (operand types are ‘[01m[Kautoware_auto_planning_msgs::msg::Trajectory[m[K’ {aka ‘[01m[Kautoware_auto_planning_msgs::msg::Trajectory_<std::allocator<void> >[m[K’} and ‘[01m[Ksize_t[m[K’ {aka ‘[01m[Klong unsigned int[m[K’})
  132 |       modified_trajectory[01;31m[K[[m[Ki].front_wheel_angle_rad = std::atan(curvature * wheel_base);
      |                          [01;31m[K^[m[K
[01m[K/home/pi/cooperate_request/src/lane_change_request/include/lane_change_request/lane.hpp:133:26:[m[K [01;31m[Kerror: [m[Kno match for ‘[01m[Koperator[][m[K’ (operand types are ‘[01m[Kautoware_auto_planning_msgs::msg::Trajectory[m[K’ {aka ‘[01m[Kautoware_auto_planning_msgs::msg::Trajectory_<std::allocator<void> >[m[K’} and ‘[01m[Ksize_t[m[K’ {aka ‘[01m[Klong unsigned int[m[K’})
  133 |       modified_trajectory[01;31m[K[[m[Ki].rear_wheel_angle_rad = rear_steering_ratio * modified_trajectory[i].front_wheel_angle_rad;
      |                          [01;31m[K^[m[K
[01m[K/home/pi/cooperate_request/src/lane_change_request/include/lane_change_request/lane.hpp:133:94:[m[K [01;31m[Kerror: [m[Kno match for ‘[01m[Koperator[][m[K’ (operand types are ‘[01m[Kautoware_auto_planning_msgs::msg::Trajectory[m[K’ {aka ‘[01m[Kautoware_auto_planning_msgs::msg::Trajectory_<std::allocator<void> >[m[K’} and ‘[01m[Ksize_t[m[K’ {aka ‘[01m[Klong unsigned int[m[K’})
  133 |       modified_trajectory[i].rear_wheel_angle_rad = rear_steering_ratio * modified_trajectory[01;31m[K[[m[Ki].front_wheel_angle_rad;
      |                                                                                              [01;31m[K^[m[K
[01m[K/home/pi/cooperate_request/src/lane_change_request/include/lane_change_request/lane.hpp:136:26:[m[K [01;31m[Kerror: [m[Kno match for ‘[01m[Koperator[][m[K’ (operand types are ‘[01m[Kautoware_auto_planning_msgs::msg::Trajectory[m[K’ {aka ‘[01m[Kautoware_auto_planning_msgs::msg::Trajectory_<std::allocator<void> >[m[K’} and ‘[01m[Ksize_t[m[K’ {aka ‘[01m[Klong unsigned int[m[K’})
  136 |       modified_trajectory[01;31m[K[[m[Ki].pose.position.z = input_trajectory[i].pose.position.z;
      |                          [01;31m[K^[m[K
[01m[K/home/pi/cooperate_request/src/lane_change_request/include/lane_change_request/lane.hpp:136:64:[m[K [01;31m[Kerror: [m[Kno match for ‘[01m[Koperator[][m[K’ (operand types are ‘[01m[Kautoware_auto_planning_msgs::msg::Trajectory[m[K’ {aka ‘[01m[Kautoware_auto_planning_msgs::msg::Trajectory_<std::allocator<void> >[m[K’} and ‘[01m[Ksize_t[m[K’ {aka ‘[01m[Klong unsigned int[m[K’})
  136 |       modified_trajectory[i].pose.position.z = input_trajectory[01;31m[K[[m[Ki].pose.position.z;
      |                                                                [01;31m[K^[m[K
[01m[K/home/pi/cooperate_request/src/lane_change_request/include/lane_change_request/lane.hpp:137:26:[m[K [01;31m[Kerror: [m[Kno match for ‘[01m[Koperator[][m[K’ (operand types are ‘[01m[Kautoware_auto_planning_msgs::msg::Trajectory[m[K’ {aka ‘[01m[Kautoware_auto_planning_msgs::msg::Trajectory_<std::allocator<void> >[m[K’} and ‘[01m[Ksize_t[m[K’ {aka ‘[01m[Klong unsigned int[m[K’})
  137 |       modified_trajectory[01;31m[K[[m[Ki].pose.orientation = input_trajectory[i].pose.orientation;
      |                          [01;31m[K^[m[K
[01m[K/home/pi/cooperate_request/src/lane_change_request/include/lane_change_request/lane.hpp:137:65:[m[K [01;31m[Kerror: [m[Kno match for ‘[01m[Koperator[][m[K’ (operand types are ‘[01m[Kautoware_auto_planning_msgs::msg::Trajectory[m[K’ {aka ‘[01m[Kautoware_auto_planning_msgs::msg::Trajectory_<std::allocator<void> >[m[K’} and ‘[01m[Ksize_t[m[K’ {aka ‘[01m[Klong unsigned int[m[K’})
  137 |       modified_trajectory[i].pose.orientation = input_trajectory[01;31m[K[[m[Ki].pose.orientation;
      |                                                                 [01;31m[K^[m[K
[01m[K/home/pi/cooperate_request/src/lane_change_request/include/lane_change_request/lane.hpp:[m[K In static member function ‘[01m[Kstatic void TrajectoryRemmaper::validateTrajectoryModification(const Trajectory&, const Trajectory&)[m[K’:
[01m[K/home/pi/cooperate_request/src/lane_change_request/include/lane_change_request/lane.hpp:150:29:[m[K [01;31m[Kerror: [m[K‘[01m[Kconst Trajectory[m[K’ {aka ‘[01m[Kconst struct autoware_auto_planning_msgs::msg::Trajectory_<std::allocator<void> >[m[K’} has no member named ‘[01m[Ksize[m[K’
  150 |     if (original_trajectory.[01;31m[Ksize[m[K() != modified_trajectory.size())
      |                             [01;31m[K^~~~[m[K
[01m[K/home/pi/cooperate_request/src/lane_change_request/include/lane_change_request/lane.hpp:150:59:[m[K [01;31m[Kerror: [m[K‘[01m[Kconst Trajectory[m[K’ {aka ‘[01m[Kconst struct autoware_auto_planning_msgs::msg::Trajectory_<std::allocator<void> >[m[K’} has no member named ‘[01m[Ksize[m[K’
  150 |     if (original_trajectory.size() != modified_trajectory.[01;31m[Ksize[m[K())
      |                                                           [01;31m[K^~~~[m[K
[01m[K/home/pi/cooperate_request/src/lane_change_request/include/lane_change_request/lane.hpp:156:58:[m[K [01;31m[Kerror: [m[K‘[01m[Kconst Trajectory[m[K’ {aka ‘[01m[Kconst struct autoware_auto_planning_msgs::msg::Trajectory_<std::allocator<void> >[m[K’} has no member named ‘[01m[Kback[m[K’
  156 |     double lateral_change = std::abs(modified_trajectory.[01;31m[Kback[m[K().pose.position.y - original_trajectory.back().pose.position.y);
      |                                                          [01;31m[K^~~~[m[K
[01m[K/home/pi/cooperate_request/src/lane_change_request/include/lane_change_request/lane.hpp:156:103:[m[K [01;31m[Kerror: [m[K‘[01m[Kconst Trajectory[m[K’ {aka ‘[01m[Kconst struct autoware_auto_planning_msgs::msg::Trajectory_<std::allocator<void> >[m[K’} has no member named ‘[01m[Kback[m[K’
  156 |     double lateral_change = std::abs(modified_trajectory.back().pose.position.y - original_trajectory.[01;31m[Kback[m[K().pose.position.y);
      |                                                                                                       [01;31m[K^~~~[m[K
[01m[K/home/pi/cooperate_request/src/lane_change_request/include/lane_change_request/lane.hpp:159:58:[m[K [01;31m[Kerror: [m[K‘[01m[Kconst Trajectory[m[K’ {aka ‘[01m[Kconst struct autoware_auto_planning_msgs::msg::Trajectory_<std::allocator<void> >[m[K’} has no member named ‘[01m[Ksize[m[K’
  159 |     std::cout << "Total Points: " << modified_trajectory.[01;31m[Ksize[m[K() << std::endl;
      |                                                          [01;31m[K^~~~[m[K
[01m[K/home/pi/cooperate_request/src/lane_change_request/include/lane_change_request/lane.hpp:161:63:[m[K [01;31m[Kerror: [m[K‘[01m[Kconst Trajectory[m[K’ {aka ‘[01m[Kconst struct autoware_auto_planning_msgs::msg::Trajectory_<std::allocator<void> >[m[K’} has no member named ‘[01m[Kfront[m[K’
  161 |     std::cout << "Initial Position: (" << original_trajectory.[01;31m[Kfront[m[K().pose.position.x << ", "
      |                                                               [01;31m[K^~~~~[m[K
[01m[K/home/pi/cooperate_request/src/lane_change_request/include/lane_change_request/lane.hpp:162:38:[m[K [01;31m[Kerror: [m[K‘[01m[Kconst Trajectory[m[K’ {aka ‘[01m[Kconst struct autoware_auto_planning_msgs::msg::Trajectory_<std::allocator<void> >[m[K’} has no member named ‘[01m[Kfront[m[K’
  162 |               << original_trajectory.[01;31m[Kfront[m[K().pose.position.y << ")" << std::endl;
      |                                      [01;31m[K^~~~~[m[K
[01m[K/home/pi/cooperate_request/src/lane_change_request/include/lane_change_request/lane.hpp:163:61:[m[K [01;31m[Kerror: [m[K‘[01m[Kconst Trajectory[m[K’ {aka ‘[01m[Kconst struct autoware_auto_planning_msgs::msg::Trajectory_<std::allocator<void> >[m[K’} has no member named ‘[01m[Kback[m[K’
  163 |     std::cout << "Final Position: (" << modified_trajectory.[01;31m[Kback[m[K().pose.position.x << ", "
      |                                                             [01;31m[K^~~~[m[K
[01m[K/home/pi/cooperate_request/src/lane_change_request/include/lane_change_request/lane.hpp:164:38:[m[K [01;31m[Kerror: [m[K‘[01m[Kconst Trajectory[m[K’ {aka ‘[01m[Kconst struct autoware_auto_planning_msgs::msg::Trajectory_<std::allocator<void> >[m[K’} has no member named ‘[01m[Kback[m[K’
  164 |               << modified_trajectory.[01;31m[Kback[m[K().pose.position.y << ")" << std::endl;
      |                                      [01;31m[K^~~~[m[K
[01m[K/home/pi/cooperate_request/src/lane_change_request/src/main.cpp:[m[K At global scope:
[01m[K/home/pi/cooperate_request/src/lane_change_request/src/main.cpp:20:21:[m[K [01;31m[Kerror: [m[Kexpected initializer before ‘[01m[Klane_change_direction[m[K’
   20 | LaneChangeDirection [01;31m[Klane_change_direction[m[K = LEFT;
      |                     [01;31m[K^~~~~~~~~~~~~~~~~~~~~[m[K
[01m[K/home/pi/cooperate_request/src/lane_change_request/src/main.cpp:[m[K In constructor ‘[01m[KTrajectoryRemmaper::TrajectoryRemmaper(const rclcpp::NodeOptions&)[m[K’:
[01m[K/home/pi/cooperate_request/src/lane_change_request/src/main.cpp:26:7:[m[K [01;31m[Kerror: [m[Kclass ‘[01m[KTrajectoryRemmaper[m[K’ does not have any field named ‘[01m[Kvehicle_info_[m[K’
   26 |       [01;31m[Kvehicle_info_[m[K(vehicle_info_util::VehicleInfoUtil(*this).getVehicleInfo())
      |       [01;31m[K^~~~~~~~~~~~~[m[K
[01m[K/home/pi/cooperate_request/src/lane_change_request/src/main.cpp:30:3:[m[K [01;31m[Kerror: [m[K‘[01m[Ktraj_pub[m[K’ was not declared in this scope
   30 |   [01;31m[Ktraj_pub[m[K = create_publisher<autoware_auto_planning_msgs::msg::Trajectory>("~/output/path", 1);
      |   [01;31m[K^~~~~~~~[m[K
[01m[K/home/pi/cooperate_request/src/lane_change_request/src/main.cpp:33:3:[m[K [01;31m[Kerror: [m[K‘[01m[Ktraj_sub[m[K’ was not declared in this scope
   33 |   [01;31m[Ktraj_sub[m[K = create_subscription<autoware_auto_planning_msgs::msg::Trajectory>(
      |   [01;31m[K^~~~~~~~[m[K
[01m[K/home/pi/cooperate_request/src/lane_change_request/src/main.cpp:34:36:[m[K [01;31m[Kerror: [m[K‘[01m[KtrajectoryCallback[m[K’ was not declared in this scope
   34 |       "~/output/remmaped_path", 1, [01;31m[KtrajectoryCallback[m[K);
      |                                    [01;31m[K^~~~~~~~~~~~~~~~~~[m[K
[01m[K/home/pi/cooperate_request/src/lane_change_request/src/main.cpp:93:1:[m[K [01;31m[Kerror: [m[Ka function-definition is not allowed here before ‘[01m[K{[m[K’ token
   93 | [01;31m[K{[m[K
      | [01;31m[K^[m[K
gmake[2]: *** [CMakeFiles/trajectory_remmaper.dir/build.make:76: CMakeFiles/trajectory_remmaper.dir/src/main.cpp.o] Error 1
gmake[1]: *** [CMakeFiles/Makefile2:137: CMakeFiles/trajectory_remmaper.dir/all] Error 2
gmake: *** [Makefile:146: all] Error 2
