[0.007s] Invoking command in '/home/goncalo/MECT1-1/bolsaIT/cooperate_request/build/lane_change_request': CMAKE_PREFIX_PATH=/opt/ros/humble /usr/bin/cmake /home/goncalo/MECT1-1/bolsaIT/cooperate_request/src/lane_change_request -DCMAKE_INSTALL_PREFIX=/home/goncalo/MECT1-1/bolsaIT/cooperate_request/install/lane_change_request
[0.050s] -- The C compiler identification is GNU 11.4.0
[0.092s] -- The CXX compiler identification is GNU 11.4.0
[0.097s] -- Detecting C compiler ABI info
[0.151s] -- Detecting C compiler ABI info - done
[0.159s] -- Check for working C compiler: /usr/bin/cc - skipped
[0.160s] -- Detecting C compile features
[0.160s] -- Detecting C compile features - done
[0.163s] -- Detecting CXX compiler ABI info
[0.222s] -- Detecting CXX compiler ABI info - done
[0.228s] -- Check for working CXX compiler: /usr/bin/c++ - skipped
[0.228s] -- Detecting CXX compile features
[0.228s] -- Detecting CXX compile features - done
[0.230s] -- Found ament_cmake: 1.3.10 (/opt/ros/humble/share/ament_cmake/cmake)
[0.339s] -- Found Python3: /usr/bin/python3 (found version "3.10.12") found components: Interpreter 
[0.396s] -- Found rclcpp: 16.0.10 (/opt/ros/humble/share/rclcpp/cmake)
[0.424s] -- Found rosidl_generator_c: 3.1.5 (/opt/ros/humble/share/rosidl_generator_c/cmake)
[0.427s] -- Found rosidl_adapter: 3.1.5 (/opt/ros/humble/share/rosidl_adapter/cmake)
[0.433s] -- Found rosidl_generator_cpp: 3.1.5 (/opt/ros/humble/share/rosidl_generator_cpp/cmake)
[0.444s] -- Using all available rosidl_typesupport_c: rosidl_typesupport_fastrtps_c;rosidl_typesupport_introspection_c
[0.455s] -- Using all available rosidl_typesupport_cpp: rosidl_typesupport_fastrtps_cpp;rosidl_typesupport_introspection_cpp
[0.485s] -- Found rmw_implementation_cmake: 6.1.2 (/opt/ros/humble/share/rmw_implementation_cmake/cmake)
[0.487s] -- Found rmw_fastrtps_cpp: 6.2.7 (/opt/ros/humble/share/rmw_fastrtps_cpp/cmake)
[0.555s] -- Found OpenSSL: /usr/lib/x86_64-linux-gnu/libcrypto.so (found version "3.0.2")  
[0.579s] -- Found FastRTPS: /opt/ros/humble/include  
[0.608s] -- Using RMW implementation 'rmw_fastrtps_cpp' as default
[0.615s] -- Looking for pthread.h
[0.671s] -- Looking for pthread.h - found
[0.672s] -- Performing Test CMAKE_HAVE_LIBC_PTHREAD
[0.724s] -- Performing Test CMAKE_HAVE_LIBC_PTHREAD - Success
[0.724s] -- Found Threads: TRUE  
[0.766s] [31mCMake Error at CMakeLists.txt:11 (find_package):
[0.766s]   By not providing "Findtier4_rtc_msgs.cmake" in CMAKE_MODULE_PATH this
[0.766s]   project has asked CMake to find a package configuration file provided by
[0.766s]   "tier4_rtc_msgs", but CMake did not find one.
[0.766s] 
[0.766s]   Could not find a package configuration file provided by "tier4_rtc_msgs"
[0.766s]   with any of the following names:
[0.766s] 
[0.766s]     tier4_rtc_msgsConfig.cmake
[0.766s]     tier4_rtc_msgs-config.cmake
[0.766s] 
[0.766s]   Add the installation prefix of "tier4_rtc_msgs" to CMAKE_PREFIX_PATH or set
[0.766s]   "tier4_rtc_msgs_DIR" to a directory containing one of the above files.  If
[0.766s]   "tier4_rtc_msgs" provides a separate development package or SDK, be sure it
[0.766s]   has been installed.
[0.766s] 
[0.766s] [0m
[0.766s] -- Configuring incomplete, errors occurred!
[0.766s] See also "/home/goncalo/MECT1-1/bolsaIT/cooperate_request/build/lane_change_request/CMakeFiles/CMakeOutput.log".
[0.773s] Invoked command in '/home/goncalo/MECT1-1/bolsaIT/cooperate_request/build/lane_change_request' returned '1': CMAKE_PREFIX_PATH=/opt/ros/humble /usr/bin/cmake /home/goncalo/MECT1-1/bolsaIT/cooperate_request/src/lane_change_request -DCMAKE_INSTALL_PREFIX=/home/goncalo/MECT1-1/bolsaIT/cooperate_request/install/lane_change_request
