[0.032s] Invoking command in '/home/pi/cooperate_request/build/lane_change_request': CMAKE_PREFIX_PATH=${CMAKE_PREFIX_PATH}:/home/pi/autoware/install/simulator_compatibility_test:/home/pi/autoware/install/ad_api_visualizers:/opt/ros/humble /usr/bin/cmake --build /home/pi/cooperate_request/build/lane_change_request -- -j24 -l24
[0.155s] [35m[1mConsolidate compiler generated dependencies of target trajectory_remmaper[0m
[0.214s] [ 50%] [32mBuilding CXX object CMakeFiles/trajectory_remmaper.dir/src/main.cpp.o[0m
[4.302s] In file included from [01m[K/usr/include/boost/math/tools/cxx03_warn.hpp:9[m[K,
[4.302s]                  from [01m[K/usr/include/boost/math/constants/constants.hpp:11[m[K,
[4.302s]                  from [01m[K/usr/include/boost/geometry/util/math.hpp:29[m[K,
[4.302s]                  from [01m[K/usr/include/boost/geometry/util/is_inverse_spheroidal_coordinates.hpp:19[m[K,
[4.302s]                  from [01m[K/usr/include/boost/geometry/algorithms/detail/assign_values.hpp:42[m[K,
[4.302s]                  from [01m[K/usr/include/boost/geometry/algorithms/detail/assign_box_corners.hpp:21[m[K,
[4.302s]                  from [01m[K/usr/include/boost/geometry/algorithms/convert.hpp:38[m[K,
[4.302s]                  from [01m[K/usr/include/boost/geometry/geometries/box.hpp:22[m[K,
[4.302s]                  from [01m[K/usr/include/boost/geometry/geometries/geometries.hpp:25[m[K,
[4.302s]                  from [01m[K/home/pi/autoware/install/tier4_autoware_utils/include/tier4_autoware_utils/geometry/boost_geometry.hpp:19[m[K,
[4.302s]                  from [01m[K/home/pi/autoware/install/tier4_autoware_utils/include/tier4_autoware_utils/geometry/geometry.hpp:23[m[K,
[4.302s]                  from [01m[K/home/pi/autoware/install/motion_utils/include/motion_utils/trajectory/trajectory.hpp:18[m[K,
[4.302s]                  from [01m[K/home/pi/autoware/install/motion_utils/include/motion_utils/resample/resample_utils.hpp:19[m[K,
[4.302s]                  from [01m[K/home/pi/autoware/install/motion_utils/include/motion_utils/marker/marker_helper.hpp:18[m[K,
[4.302s]                  from [01m[K/home/pi/autoware/install/motion_utils/include/motion_utils/motion_utils.hpp:19[m[K,
[4.302s]                  from [01m[K/home/pi/cooperate_request/src/lane_change_request/include/lane_change_request/lane.hpp:18[m[K,
[4.302s]                  from [01m[K/home/pi/cooperate_request/src/lane_change_request/src/main.cpp:15[m[K:
[4.303s] [01m[K/usr/include/boost/detail/no_exceptions_support.hpp:17:1:[m[K [01;36m[Knote: [m[K‘[01m[K#pragma message: This header is deprecated. Use <boost/core/no_exceptions_support.hpp> instead.[m[K’
[4.303s]    17 | [01;36m[KBOOST_HEADER_DEPRECATED[m[K("<boost/core/no_exceptions_support.hpp>")
[4.303s]       | [01;36m[K^~~~~~~~~~~~~~~~~~~~~~~[m[K
[4.780s] In file included from [01m[K/home/pi/cooperate_request/src/lane_change_request/src/main.cpp:15[m[K:
[4.780s] [01m[K/home/pi/cooperate_request/src/lane_change_request/include/lane_change_request/lane.hpp:[m[K In static member function ‘[01m[Kstatic autoware_auto_planning_msgs::msg::Trajectory TrajectoryRemmaper::modifyTrajectory(autoware_auto_planning_msgs::msg::Trajectory&, LaneChangeDirection, bool)[m[K’:
[4.780s] [01m[K/home/pi/cooperate_request/src/lane_change_request/include/lane_change_request/lane.hpp:43:26:[m[K [01;31m[Kerror: [m[K‘[01m[Kusing Trajectory = struct autoware_auto_planning_msgs::msg::Trajectory_<std::allocator<void> >[m[K’ {aka ‘[01m[Kstruct autoware_auto_planning_msgs::msg::Trajectory_<std::allocator<void> >[m[K’} has no member named ‘[01m[Kempty[m[K’
[4.780s]    43 |     if (input_trajectory.[01;31m[Kempty[m[K())
[4.780s]       |                          [01;31m[K^~~~~[m[K
[4.780s] [01m[K/home/pi/cooperate_request/src/lane_change_request/include/lane_change_request/lane.hpp:54:46:[m[K [01;31m[Kerror: [m[K‘[01m[Kusing Trajectory = struct autoware_auto_planning_msgs::msg::Trajectory_<std::allocator<void> >[m[K’ {aka ‘[01m[Kstruct autoware_auto_planning_msgs::msg::Trajectory_<std::allocator<void> >[m[K’} has no member named ‘[01m[Kback[m[K’
[4.780s]    54 |     double total_time = (modified_trajectory.[01;31m[Kback[m[K().pose.position.x - modified_trajectory.front().pose.position.x) /
[4.780s]       |                                              [01;31m[K^~~~[m[K
[4.781s] [01m[K/home/pi/cooperate_request/src/lane_change_request/include/lane_change_request/lane.hpp:54:91:[m[K [01;31m[Kerror: [m[K‘[01m[Kusing Trajectory = struct autoware_auto_planning_msgs::msg::Trajectory_<std::allocator<void> >[m[K’ {aka ‘[01m[Kstruct autoware_auto_planning_msgs::msg::Trajectory_<std::allocator<void> >[m[K’} has no member named ‘[01m[Kfront[m[K’
[4.781s]    54 |     double total_time = (modified_trajectory.back().pose.position.x - modified_trajectory.[01;31m[Kfront[m[K().pose.position.x) /
[4.781s]       |                                                                                           [01;31m[K^~~~~[m[K
[4.781s] [01m[K/home/pi/cooperate_request/src/lane_change_request/include/lane_change_request/lane.hpp:55:45:[m[K [01;31m[Kerror: [m[K‘[01m[Kusing Trajectory = struct autoware_auto_planning_msgs::msg::Trajectory_<std::allocator<void> >[m[K’ {aka ‘[01m[Kstruct autoware_auto_planning_msgs::msg::Trajectory_<std::allocator<void> >[m[K’} has no member named ‘[01m[Kfront[m[K’
[4.781s]    55 |                         modified_trajectory.[01;31m[Kfront[m[K().longitudinal_velocity_mps;
[4.781s]       |                                             [01;31m[K^~~~~[m[K
[4.781s] [01m[K/home/pi/cooperate_request/src/lane_change_request/include/lane_change_request/lane.hpp:69:51:[m[K [01;31m[Kerror: [m[K‘[01m[Kusing Trajectory = struct autoware_auto_planning_msgs::msg::Trajectory_<std::allocator<void> >[m[K’ {aka ‘[01m[Kstruct autoware_auto_planning_msgs::msg::Trajectory_<std::allocator<void> >[m[K’} has no member named ‘[01m[Kfront[m[K’
[4.781s]    69 |     double initial_velocity = modified_trajectory.[01;31m[Kfront[m[K().longitudinal_velocity_mps;
[4.781s]       |                                                   [01;31m[K^~~~~[m[K
[4.781s] [01m[K/home/pi/cooperate_request/src/lane_change_request/include/lane_change_request/lane.hpp:70:50:[m[K [01;31m[Kerror: [m[K‘[01m[Kusing Trajectory = struct autoware_auto_planning_msgs::msg::Trajectory_<std::allocator<void> >[m[K’ {aka ‘[01m[Kstruct autoware_auto_planning_msgs::msg::Trajectory_<std::allocator<void> >[m[K’} has no member named ‘[01m[Kback[m[K’
[4.781s]    70 |     double target_velocity = modified_trajectory.[01;31m[Kback[m[K().longitudinal_velocity_mps;
[4.781s]       |                                                  [01;31m[K^~~~[m[K
[4.781s] [01m[K/home/pi/cooperate_request/src/lane_change_request/include/lane_change_request/lane.hpp:78:48:[m[K [01;31m[Kerror: [m[K‘[01m[Kusing Trajectory = struct autoware_auto_planning_msgs::msg::Trajectory_<std::allocator<void> >[m[K’ {aka ‘[01m[Kstruct autoware_auto_planning_msgs::msg::Trajectory_<std::allocator<void> >[m[K’} has no member named ‘[01m[Ksize[m[K’
[4.781s]    78 |     for (size_t i = 0; i < modified_trajectory.[01;31m[Ksize[m[K(); ++i)
[4.781s]       |                                                [01;31m[K^~~~[m[K
[4.781s] [01m[K/home/pi/cooperate_request/src/lane_change_request/include/lane_change_request/lane.hpp:80:57:[m[K [01;31m[Kerror: [m[K‘[01m[Kusing Trajectory = struct autoware_auto_planning_msgs::msg::Trajectory_<std::allocator<void> >[m[K’ {aka ‘[01m[Kstruct autoware_auto_planning_msgs::msg::Trajectory_<std::allocator<void> >[m[K’} has no member named ‘[01m[Ksize[m[K’
[4.781s]    80 |       double t = i * (total_time / (modified_trajectory.[01;31m[Ksize[m[K() - 1.0));
[4.781s]       |                                                         [01;31m[K^~~~[m[K
[4.781s] [01m[K/home/pi/cooperate_request/src/lane_change_request/include/lane_change_request/lane.hpp:87:26:[m[K [01;31m[Kerror: [m[Kno match for ‘[01m[Koperator[][m[K’ (operand types are ‘[01m[Kautoware_auto_planning_msgs::msg::Trajectory[m[K’ {aka ‘[01m[Kautoware_auto_planning_msgs::msg::Trajectory_<std::allocator<void> >[m[K’} and ‘[01m[Ksize_t[m[K’ {aka ‘[01m[Klong unsigned int[m[K’})
[4.781s]    87 |       modified_trajectory[01;31m[K[[m[Ki].pose.position.y += lateral_pos;
[4.781s]       |                          [01;31m[K^[m[K
[4.782s] [01m[K/home/pi/cooperate_request/src/lane_change_request/include/lane_change_request/lane.hpp:110:28:[m[K [01;31m[Kerror: [m[Kno match for ‘[01m[Koperator[][m[K’ (operand types are ‘[01m[Kautoware_auto_planning_msgs::msg::Trajectory[m[K’ {aka ‘[01m[Kautoware_auto_planning_msgs::msg::Trajectory_<std::allocator<void> >[m[K’} and ‘[01m[Ksize_t[m[K’ {aka ‘[01m[Klong unsigned int[m[K’})
[4.782s]   110 |         modified_trajectory[01;31m[K[[m[Ki].longitudinal_velocity_mps = current_velocity;
[4.782s]       |                            [01;31m[K^[m[K
[4.782s] [01m[K/home/pi/cooperate_request/src/lane_change_request/include/lane_change_request/lane.hpp:111:28:[m[K [01;31m[Kerror: [m[Kno match for ‘[01m[Koperator[][m[K’ (operand types are ‘[01m[Kautoware_auto_planning_msgs::msg::Trajectory[m[K’ {aka ‘[01m[Kautoware_auto_planning_msgs::msg::Trajectory_<std::allocator<void> >[m[K’} and ‘[01m[Ksize_t[m[K’ {aka ‘[01m[Klong unsigned int[m[K’})
[4.782s]   111 |         modified_trajectory[01;31m[K[[m[Ki].acceleration_mps2 = current_acceleration;
[4.782s]       |                            [01;31m[K^[m[K
[4.782s] [01m[K/home/pi/cooperate_request/src/lane_change_request/include/lane_change_request/lane.hpp:123:26:[m[K [01;31m[Kerror: [m[Kno match for ‘[01m[Koperator[][m[K’ (operand types are ‘[01m[Kautoware_auto_planning_msgs::msg::Trajectory[m[K’ {aka ‘[01m[Kautoware_auto_planning_msgs::msg::Trajectory_<std::allocator<void> >[m[K’} and ‘[01m[Ksize_t[m[K’ {aka ‘[01m[Klong unsigned int[m[K’})
[4.782s]   123 |       modified_trajectory[01;31m[K[[m[Ki].heading_rate_rps = modified_trajectory[i].longitudinal_velocity_mps * curvature;
[4.782s]       |                          [01;31m[K^[m[K
[4.782s] [01m[K/home/pi/cooperate_request/src/lane_change_request/include/lane_change_request/lane.hpp:123:68:[m[K [01;31m[Kerror: [m[Kno match for ‘[01m[Koperator[][m[K’ (operand types are ‘[01m[Kautoware_auto_planning_msgs::msg::Trajectory[m[K’ {aka ‘[01m[Kautoware_auto_planning_msgs::msg::Trajectory_<std::allocator<void> >[m[K’} and ‘[01m[Ksize_t[m[K’ {aka ‘[01m[Klong unsigned int[m[K’})
[4.782s]   123 |       modified_trajectory[i].heading_rate_rps = modified_trajectory[01;31m[K[[m[Ki].longitudinal_velocity_mps * curvature;
[4.782s]       |                                                                    [01;31m[K^[m[K
[4.782s] [01m[K/home/pi/cooperate_request/src/lane_change_request/include/lane_change_request/lane.hpp:132:26:[m[K [01;31m[Kerror: [m[Kno match for ‘[01m[Koperator[][m[K’ (operand types are ‘[01m[Kautoware_auto_planning_msgs::msg::Trajectory[m[K’ {aka ‘[01m[Kautoware_auto_planning_msgs::msg::Trajectory_<std::allocator<void> >[m[K’} and ‘[01m[Ksize_t[m[K’ {aka ‘[01m[Klong unsigned int[m[K’})
[4.782s]   132 |       modified_trajectory[01;31m[K[[m[Ki].front_wheel_angle_rad = std::atan(curvature * wheel_base);
[4.782s]       |                          [01;31m[K^[m[K
[4.782s] [01m[K/home/pi/cooperate_request/src/lane_change_request/include/lane_change_request/lane.hpp:133:26:[m[K [01;31m[Kerror: [m[Kno match for ‘[01m[Koperator[][m[K’ (operand types are ‘[01m[Kautoware_auto_planning_msgs::msg::Trajectory[m[K’ {aka ‘[01m[Kautoware_auto_planning_msgs::msg::Trajectory_<std::allocator<void> >[m[K’} and ‘[01m[Ksize_t[m[K’ {aka ‘[01m[Klong unsigned int[m[K’})
[4.782s]   133 |       modified_trajectory[01;31m[K[[m[Ki].rear_wheel_angle_rad = rear_steering_ratio * modified_trajectory[i].front_wheel_angle_rad;
[4.782s]       |                          [01;31m[K^[m[K
[4.782s] [01m[K/home/pi/cooperate_request/src/lane_change_request/include/lane_change_request/lane.hpp:133:94:[m[K [01;31m[Kerror: [m[Kno match for ‘[01m[Koperator[][m[K’ (operand types are ‘[01m[Kautoware_auto_planning_msgs::msg::Trajectory[m[K’ {aka ‘[01m[Kautoware_auto_planning_msgs::msg::Trajectory_<std::allocator<void> >[m[K’} and ‘[01m[Ksize_t[m[K’ {aka ‘[01m[Klong unsigned int[m[K’})
[4.782s]   133 |       modified_trajectory[i].rear_wheel_angle_rad = rear_steering_ratio * modified_trajectory[01;31m[K[[m[Ki].front_wheel_angle_rad;
[4.782s]       |                                                                                              [01;31m[K^[m[K
[4.782s] [01m[K/home/pi/cooperate_request/src/lane_change_request/include/lane_change_request/lane.hpp:136:26:[m[K [01;31m[Kerror: [m[Kno match for ‘[01m[Koperator[][m[K’ (operand types are ‘[01m[Kautoware_auto_planning_msgs::msg::Trajectory[m[K’ {aka ‘[01m[Kautoware_auto_planning_msgs::msg::Trajectory_<std::allocator<void> >[m[K’} and ‘[01m[Ksize_t[m[K’ {aka ‘[01m[Klong unsigned int[m[K’})
[4.783s]   136 |       modified_trajectory[01;31m[K[[m[Ki].pose.position.z = input_trajectory[i].pose.position.z;
[4.783s]       |                          [01;31m[K^[m[K
[4.783s] [01m[K/home/pi/cooperate_request/src/lane_change_request/include/lane_change_request/lane.hpp:136:64:[m[K [01;31m[Kerror: [m[Kno match for ‘[01m[Koperator[][m[K’ (operand types are ‘[01m[Kautoware_auto_planning_msgs::msg::Trajectory[m[K’ {aka ‘[01m[Kautoware_auto_planning_msgs::msg::Trajectory_<std::allocator<void> >[m[K’} and ‘[01m[Ksize_t[m[K’ {aka ‘[01m[Klong unsigned int[m[K’})
[4.783s]   136 |       modified_trajectory[i].pose.position.z = input_trajectory[01;31m[K[[m[Ki].pose.position.z;
[4.783s]       |                                                                [01;31m[K^[m[K
[4.783s] [01m[K/home/pi/cooperate_request/src/lane_change_request/include/lane_change_request/lane.hpp:137:26:[m[K [01;31m[Kerror: [m[Kno match for ‘[01m[Koperator[][m[K’ (operand types are ‘[01m[Kautoware_auto_planning_msgs::msg::Trajectory[m[K’ {aka ‘[01m[Kautoware_auto_planning_msgs::msg::Trajectory_<std::allocator<void> >[m[K’} and ‘[01m[Ksize_t[m[K’ {aka ‘[01m[Klong unsigned int[m[K’})
[4.783s]   137 |       modified_trajectory[01;31m[K[[m[Ki].pose.orientation = input_trajectory[i].pose.orientation;
[4.783s]       |                          [01;31m[K^[m[K
[4.783s] [01m[K/home/pi/cooperate_request/src/lane_change_request/include/lane_change_request/lane.hpp:137:65:[m[K [01;31m[Kerror: [m[Kno match for ‘[01m[Koperator[][m[K’ (operand types are ‘[01m[Kautoware_auto_planning_msgs::msg::Trajectory[m[K’ {aka ‘[01m[Kautoware_auto_planning_msgs::msg::Trajectory_<std::allocator<void> >[m[K’} and ‘[01m[Ksize_t[m[K’ {aka ‘[01m[Klong unsigned int[m[K’})
[4.783s]   137 |       modified_trajectory[i].pose.orientation = input_trajectory[01;31m[K[[m[Ki].pose.orientation;
[4.783s]       |                                                                 [01;31m[K^[m[K
[4.783s] [01m[K/home/pi/cooperate_request/src/lane_change_request/include/lane_change_request/lane.hpp:[m[K In static member function ‘[01m[Kstatic void TrajectoryRemmaper::validateTrajectoryModification(const Trajectory&, const Trajectory&)[m[K’:
[4.783s] [01m[K/home/pi/cooperate_request/src/lane_change_request/include/lane_change_request/lane.hpp:150:29:[m[K [01;31m[Kerror: [m[K‘[01m[Kconst Trajectory[m[K’ {aka ‘[01m[Kconst struct autoware_auto_planning_msgs::msg::Trajectory_<std::allocator<void> >[m[K’} has no member named ‘[01m[Ksize[m[K’
[4.783s]   150 |     if (original_trajectory.[01;31m[Ksize[m[K() != modified_trajectory.size())
[4.783s]       |                             [01;31m[K^~~~[m[K
[4.783s] [01m[K/home/pi/cooperate_request/src/lane_change_request/include/lane_change_request/lane.hpp:150:59:[m[K [01;31m[Kerror: [m[K‘[01m[Kconst Trajectory[m[K’ {aka ‘[01m[Kconst struct autoware_auto_planning_msgs::msg::Trajectory_<std::allocator<void> >[m[K’} has no member named ‘[01m[Ksize[m[K’
[4.783s]   150 |     if (original_trajectory.size() != modified_trajectory.[01;31m[Ksize[m[K())
[4.783s]       |                                                           [01;31m[K^~~~[m[K
[4.783s] [01m[K/home/pi/cooperate_request/src/lane_change_request/include/lane_change_request/lane.hpp:156:58:[m[K [01;31m[Kerror: [m[K‘[01m[Kconst Trajectory[m[K’ {aka ‘[01m[Kconst struct autoware_auto_planning_msgs::msg::Trajectory_<std::allocator<void> >[m[K’} has no member named ‘[01m[Kback[m[K’
[4.783s]   156 |     double lateral_change = std::abs(modified_trajectory.[01;31m[Kback[m[K().pose.position.y - original_trajectory.back().pose.position.y);
[4.783s]       |                                                          [01;31m[K^~~~[m[K
[4.783s] [01m[K/home/pi/cooperate_request/src/lane_change_request/include/lane_change_request/lane.hpp:156:103:[m[K [01;31m[Kerror: [m[K‘[01m[Kconst Trajectory[m[K’ {aka ‘[01m[Kconst struct autoware_auto_planning_msgs::msg::Trajectory_<std::allocator<void> >[m[K’} has no member named ‘[01m[Kback[m[K’
[4.783s]   156 |     double lateral_change = std::abs(modified_trajectory.back().pose.position.y - original_trajectory.[01;31m[Kback[m[K().pose.position.y);
[4.783s]       |                                                                                                       [01;31m[K^~~~[m[K
[4.784s] [01m[K/home/pi/cooperate_request/src/lane_change_request/include/lane_change_request/lane.hpp:159:58:[m[K [01;31m[Kerror: [m[K‘[01m[Kconst Trajectory[m[K’ {aka ‘[01m[Kconst struct autoware_auto_planning_msgs::msg::Trajectory_<std::allocator<void> >[m[K’} has no member named ‘[01m[Ksize[m[K’
[4.784s]   159 |     std::cout << "Total Points: " << modified_trajectory.[01;31m[Ksize[m[K() << std::endl;
[4.784s]       |                                                          [01;31m[K^~~~[m[K
[4.784s] [01m[K/home/pi/cooperate_request/src/lane_change_request/include/lane_change_request/lane.hpp:161:63:[m[K [01;31m[Kerror: [m[K‘[01m[Kconst Trajectory[m[K’ {aka ‘[01m[Kconst struct autoware_auto_planning_msgs::msg::Trajectory_<std::allocator<void> >[m[K’} has no member named ‘[01m[Kfront[m[K’
[4.784s]   161 |     std::cout << "Initial Position: (" << original_trajectory.[01;31m[Kfront[m[K().pose.position.x << ", "
[4.784s]       |                                                               [01;31m[K^~~~~[m[K
[4.784s] [01m[K/home/pi/cooperate_request/src/lane_change_request/include/lane_change_request/lane.hpp:162:38:[m[K [01;31m[Kerror: [m[K‘[01m[Kconst Trajectory[m[K’ {aka ‘[01m[Kconst struct autoware_auto_planning_msgs::msg::Trajectory_<std::allocator<void> >[m[K’} has no member named ‘[01m[Kfront[m[K’
[4.784s]   162 |               << original_trajectory.[01;31m[Kfront[m[K().pose.position.y << ")" << std::endl;
[4.784s]       |                                      [01;31m[K^~~~~[m[K
[4.784s] [01m[K/home/pi/cooperate_request/src/lane_change_request/include/lane_change_request/lane.hpp:163:61:[m[K [01;31m[Kerror: [m[K‘[01m[Kconst Trajectory[m[K’ {aka ‘[01m[Kconst struct autoware_auto_planning_msgs::msg::Trajectory_<std::allocator<void> >[m[K’} has no member named ‘[01m[Kback[m[K’
[4.784s]   163 |     std::cout << "Final Position: (" << modified_trajectory.[01;31m[Kback[m[K().pose.position.x << ", "
[4.784s]       |                                                             [01;31m[K^~~~[m[K
[4.784s] [01m[K/home/pi/cooperate_request/src/lane_change_request/include/lane_change_request/lane.hpp:164:38:[m[K [01;31m[Kerror: [m[K‘[01m[Kconst Trajectory[m[K’ {aka ‘[01m[Kconst struct autoware_auto_planning_msgs::msg::Trajectory_<std::allocator<void> >[m[K’} has no member named ‘[01m[Kback[m[K’
[4.784s]   164 |               << modified_trajectory.[01;31m[Kback[m[K().pose.position.y << ")" << std::endl;
[4.784s]       |                                      [01;31m[K^~~~[m[K
[4.784s] [01m[K/home/pi/cooperate_request/src/lane_change_request/src/main.cpp:[m[K At global scope:
[4.784s] [01m[K/home/pi/cooperate_request/src/lane_change_request/src/main.cpp:20:21:[m[K [01;31m[Kerror: [m[Kexpected initializer before ‘[01m[Klane_change_direction[m[K’
[4.784s]    20 | LaneChangeDirection [01;31m[Klane_change_direction[m[K = LEFT;
[4.784s]       |                     [01;31m[K^~~~~~~~~~~~~~~~~~~~~[m[K
[4.784s] [01m[K/home/pi/cooperate_request/src/lane_change_request/src/main.cpp:90:82:[m[K [01;31m[Kerror: [m[Knon-member function ‘[01m[Kvoid trajectoryCallback(const Trajectory&)[m[K’ cannot have cv-qualifier
[4.784s]    90 | void trajectoryCallback(const autoware_auto_planning_msgs::msg::Trajectory &msg) [01;31m[Kconst[m[K
[4.784s]       |                                                                                  [01;31m[K^~~~~[m[K
[4.789s] [01m[K/home/pi/cooperate_request/src/lane_change_request/src/main.cpp:[m[K In function ‘[01m[Kvoid trajectoryCallback(const Trajectory&)[m[K’:
[4.789s] [01m[K/home/pi/cooperate_request/src/lane_change_request/src/main.cpp:97:5:[m[K [01;31m[Kerror: [m[K‘[01m[Ktraj_pub[m[K’ was not declared in this scope
[4.789s]    97 |     [01;31m[Ktraj_pub[m[K->publish(new_trajectory);
[4.789s]       |     [01;31m[K^~~~~~~~[m[K
[4.799s] [01m[K/home/pi/cooperate_request/src/lane_change_request/src/main.cpp:103:79:[m[K [01;31m[Kerror: [m[K‘[01m[Klane_change_direction[m[K’ was not declared in this scope; did you mean ‘[01m[KLaneChangeDirection[m[K’?
[4.799s]   103 |     modified_trajectory = TrajectoryRemmaper::modifyTrajectory(new_trajectory,[01;31m[Klane_change_direction[m[K, acceleration_profile);
[4.799s]       |                                                                               [01;31m[K^~~~~~~~~~~~~~~~~~~~~[m[K
[4.799s]       |                                                                               [32m[KLaneChangeDirection[m[K
[4.805s] [01m[K/home/pi/cooperate_request/src/lane_change_request/src/main.cpp:104:5:[m[K [01;31m[Kerror: [m[K‘[01m[Ktraj_pub[m[K’ was not declared in this scope
[4.805s]   104 |     [01;31m[Ktraj_pub[m[K->publish(modified_trajectory);
[4.805s]       |     [01;31m[K^~~~~~~~[m[K
[5.412s] In file included from [01m[K/opt/ros/humble/include/rclcpp/rclcpp/client.hpp:39[m[K,
[5.412s]                  from [01m[K/opt/ros/humble/include/rclcpp/rclcpp/callback_group.hpp:24[m[K,
[5.412s]                  from [01m[K/opt/ros/humble/include/rclcpp/rclcpp/any_executable.hpp:20[m[K,
[5.412s]                  from [01m[K/opt/ros/humble/include/rclcpp/rclcpp/memory_strategy.hpp:25[m[K,
[5.413s]                  from [01m[K/opt/ros/humble/include/rclcpp/rclcpp/memory_strategies.hpp:18[m[K,
[5.413s]                  from [01m[K/opt/ros/humble/include/rclcpp/rclcpp/executor_options.hpp:20[m[K,
[5.413s]                  from [01m[K/opt/ros/humble/include/rclcpp/rclcpp/executor.hpp:37[m[K,
[5.413s]                  from [01m[K/opt/ros/humble/include/rclcpp/rclcpp/executors/multi_threaded_executor.hpp:25[m[K,
[5.413s]                  from [01m[K/opt/ros/humble/include/rclcpp/rclcpp/executors.hpp:21[m[K,
[5.413s]                  from [01m[K/opt/ros/humble/include/rclcpp/rclcpp/rclcpp.hpp:155[m[K,
[5.413s]                  from [01m[K/opt/ros/humble/include/tf2_ros/tf2_ros/buffer_interface.h:48[m[K,
[5.413s]                  from [01m[K/opt/ros/humble/include/tf2_geometry_msgs/tf2_geometry_msgs/tf2_geometry_msgs.hpp:59[m[K,
[5.413s]                  from [01m[K/home/pi/autoware/install/tier4_autoware_utils/include/tier4_autoware_utils/geometry/geometry.hpp:47[m[K,
[5.413s]                  from [01m[K/home/pi/autoware/install/motion_utils/include/motion_utils/trajectory/trajectory.hpp:18[m[K,
[5.413s]                  from [01m[K/home/pi/autoware/install/motion_utils/include/motion_utils/resample/resample_utils.hpp:19[m[K,
[5.413s]                  from [01m[K/home/pi/autoware/install/motion_utils/include/motion_utils/marker/marker_helper.hpp:18[m[K,
[5.413s]                  from [01m[K/home/pi/autoware/install/motion_utils/include/motion_utils/motion_utils.hpp:19[m[K,
[5.413s]                  from [01m[K/home/pi/cooperate_request/src/lane_change_request/include/lane_change_request/lane.hpp:18[m[K,
[5.413s]                  from [01m[K/home/pi/cooperate_request/src/lane_change_request/src/main.cpp:15[m[K:
[5.413s] /opt/ros/humble/include/rclcpp/rclcpp/function_traits.hpp: In instantiation of ‘[01m[Kstruct rclcpp::function_traits::function_traits<void (TrajectoryRemmaper::*)()>[m[K’:
[5.413s] [01m[K/opt/ros/humble/include/rclcpp/rclcpp/any_subscription_callback.hpp:380:10:[m[K   recursively required by substitution of ‘[01m[Ktemplate<class MessageT, class CallbackT> struct rclcpp::detail::SubscriptionCallbackTypeHelper<MessageT, CallbackT, typename std::enable_if<rclcpp::function_traits::same_arguments<CallbackT, std::function<void(std::shared_ptr<_Tp>, const rclcpp::MessageInfo&)> >::value, void>::type> [with MessageT = autoware_auto_planning_msgs::msg::Trajectory_<std::allocator<void> >; CallbackT = void (TrajectoryRemmaper::*)()][m[K’
[5.413s] [01m[K/opt/ros/humble/include/rclcpp/rclcpp/any_subscription_callback.hpp:380:10:[m[K   required from ‘[01m[Krclcpp::AnySubscriptionCallback<MessageT, AllocatorT> rclcpp::AnySubscriptionCallback<MessageT, AllocatorT>::set(CallbackT) [with CallbackT = void (TrajectoryRemmaper::*)(); MessageT = autoware_auto_planning_msgs::msg::Trajectory_<std::allocator<void> >; AllocatorT = std::allocator<void>][m[K’
[5.413s] [01m[K/opt/ros/humble/include/rclcpp/rclcpp/subscription_factory.hpp:94:32:[m[K   required from ‘[01m[Krclcpp::SubscriptionFactory rclcpp::create_subscription_factory(CallbackT&&, const rclcpp::SubscriptionOptionsWithAllocator<AllocatorT>&, typename MessageMemoryStrategyT::SharedPtr, std::shared_ptr<rclcpp::topic_statistics::SubscriptionTopicStatistics<ROSMessageType> >) [with MessageT = autoware_auto_planning_msgs::msg::Trajectory_<std::allocator<void> >; CallbackT = void (TrajectoryRemmaper::*)(); AllocatorT = std::allocator<void>; SubscriptionT = rclcpp::Subscription<autoware_auto_planning_msgs::msg::Trajectory_<std::allocator<void> > >; MessageMemoryStrategyT = rclcpp::message_memory_strategy::MessageMemoryStrategy<autoware_auto_planning_msgs::msg::Trajectory_<std::allocator<void> >, std::allocator<void> >; ROSMessageType = autoware_auto_planning_msgs::msg::Trajectory_<std::allocator<void> >; typename MessageMemoryStrategyT::SharedPtr = std::shared_ptr<rclcpp::message_memory_strategy::MessageMemoryStrategy<autoware_auto_planning_msgs::msg::Trajectory_<std::allocator<void> >, std::allocator<void> > >][m[K’
[5.413s] [01m[K/opt/ros/humble/include/rclcpp/rclcpp/create_subscription.hpp:122:63:[m[K   required from ‘[01m[Kstd::shared_ptr<ROSMessageT> rclcpp::detail::create_subscription(NodeParametersT&, NodeTopicsT&, const string&, const rclcpp::QoS&, CallbackT&&, const rclcpp::SubscriptionOptionsWithAllocator<AllocatorT>&, typename MessageMemoryStrategyT::SharedPtr) [with MessageT = autoware_auto_planning_msgs::msg::Trajectory_<std::allocator<void> >; CallbackT = void (TrajectoryRemmaper::*)(); AllocatorT = std::allocator<void>; SubscriptionT = rclcpp::Subscription<autoware_auto_planning_msgs::msg::Trajectory_<std::allocator<void> > >; MessageMemoryStrategyT = rclcpp::message_memory_strategy::MessageMemoryStrategy<autoware_auto_planning_msgs::msg::Trajectory_<std::allocator<void> >, std::allocator<void> >; NodeParametersT = rclcpp::Node; NodeTopicsT = rclcpp::Node; ROSMessageType = autoware_auto_planning_msgs::msg::Trajectory_<std::allocator<void> >; std::string = std::__cxx11::basic_string<char>; typename MessageMemoryStrategyT::SharedPtr = std::shared_ptr<rclcpp::message_memory_strategy::MessageMemoryStrategy<autoware_auto_planning_msgs::msg::Trajectory_<std::allocator<void> >, std::allocator<void> > >][m[K’
[5.413s] [01m[K/opt/ros/humble/include/rclcpp/rclcpp/create_subscription.hpp:191:76:[m[K   required from ‘[01m[Kstd::shared_ptr<ROSMessageT> rclcpp::create_subscription(NodeT&, const string&, const rclcpp::QoS&, CallbackT&&, const rclcpp::SubscriptionOptionsWithAllocator<AllocatorT>&, typename MessageMemoryStrategyT::SharedPtr) [with MessageT = autoware_auto_planning_msgs::msg::Trajectory_<std::allocator<void> >; CallbackT = void (TrajectoryRemmaper::*)(); AllocatorT = std::allocator<void>; SubscriptionT = rclcpp::Subscription<autoware_auto_planning_msgs::msg::Trajectory_<std::allocator<void> > >; MessageMemoryStrategyT = rclcpp::message_memory_strategy::MessageMemoryStrategy<autoware_auto_planning_msgs::msg::Trajectory_<std::allocator<void> >, std::allocator<void> >; NodeT = rclcpp::Node; std::string = std::__cxx11::basic_string<char>; typename MessageMemoryStrategyT::SharedPtr = std::shared_ptr<rclcpp::message_memory_strategy::MessageMemoryStrategy<autoware_auto_planning_msgs::msg::Trajectory_<std::allocator<void> >, std::allocator<void> > >][m[K’
[5.413s] [01m[K/opt/ros/humble/include/rclcpp/rclcpp/node_impl.hpp:99:47:[m[K   required from ‘[01m[Kstd::shared_ptr<ROSMessageT> rclcpp::Node::create_subscription(const string&, const rclcpp::QoS&, CallbackT&&, const rclcpp::SubscriptionOptionsWithAllocator<AllocatorT>&, typename MessageMemoryStrategyT::SharedPtr) [with MessageT = autoware_auto_planning_msgs::msg::Trajectory_<std::allocator<void> >; CallbackT = void (TrajectoryRemmaper::*)(); AllocatorT = std::allocator<void>; SubscriptionT = rclcpp::Subscription<autoware_auto_planning_msgs::msg::Trajectory_<std::allocator<void> > >; MessageMemoryStrategyT = rclcpp::message_memory_strategy::MessageMemoryStrategy<autoware_auto_planning_msgs::msg::Trajectory_<std::allocator<void> >, std::allocator<void> >; std::string = std::__cxx11::basic_string<char>; typename MessageMemoryStrategyT::SharedPtr = std::shared_ptr<rclcpp::message_memory_strategy::MessageMemoryStrategy<autoware_auto_planning_msgs::msg::Trajectory_<std::allocator<void> >, std::allocator<void> > >][m[K’
[5.413s] [01m[K/home/pi/cooperate_request/src/lane_change_request/src/main.cpp:31:79:[m[K   required from here
[5.414s] [01m[K/opt/ros/humble/include/rclcpp/rclcpp/function_traits.hpp:52:40:[m[K [01;31m[Kerror: [m[K‘[01m[Koperator()[m[K’ is not a member of ‘[01m[Kvoid (TrajectoryRemmaper::*)()[m[K’
[5.414s]    52 |     typename function_traits<decltype( [01;31m[K&FunctionT::operator()[m[K)>::arguments>::type;
[5.414s]       |                                        [01;31m[K^~~~~~~~~~~~~~~~~~~~~~[m[K
[5.414s] [01m[K/opt/ros/humble/include/rclcpp/rclcpp/function_traits.hpp:52:40:[m[K [01;31m[Kerror: [m[K‘[01m[Koperator()[m[K’ is not a member of ‘[01m[Kvoid (TrajectoryRemmaper::*)()[m[K’
[5.414s] [01m[K/opt/ros/humble/include/rclcpp/rclcpp/function_traits.hpp:52:40:[m[K [01;31m[Kerror: [m[K‘[01m[Koperator()[m[K’ is not a member of ‘[01m[Kvoid (TrajectoryRemmaper::*)()[m[K’
[7.278s] gmake[2]: *** [CMakeFiles/trajectory_remmaper.dir/build.make:76: CMakeFiles/trajectory_remmaper.dir/src/main.cpp.o] Error 1
[7.279s] gmake[1]: *** [CMakeFiles/Makefile2:137: CMakeFiles/trajectory_remmaper.dir/all] Error 2
[7.279s] gmake: *** [Makefile:146: all] Error 2
[7.282s] Invoked command in '/home/pi/cooperate_request/build/lane_change_request' returned '2': CMAKE_PREFIX_PATH=${CMAKE_PREFIX_PATH}:/home/pi/autoware/install/simulator_compatibility_test:/home/pi/autoware/install/ad_api_visualizers:/opt/ros/humble /usr/bin/cmake --build /home/pi/cooperate_request/build/lane_change_request -- -j24 -l24
