[0.030s] Invoking command in '/home/pi/cooperate_request/build/lane_change_request': CMAKE_PREFIX_PATH=${CMAKE_PREFIX_PATH}:/home/pi/autoware/install/simulator_compatibility_test:/home/pi/autoware/install/ad_api_visualizers:/opt/ros/humble /usr/bin/cmake /home/pi/cooperate_request/src/lane_change_request -DCMAKE_INSTALL_PREFIX=/home/pi/cooperate_request/install/lane_change_request
[0.057s] -- Found ament_cmake: 1.3.8 (/opt/ros/humble/share/ament_cmake/cmake)
[0.194s] -- Found rclcpp: 16.0.8 (/opt/ros/humble/share/rclcpp/cmake)
[0.233s] -- Found rosidl_generator_c: 3.1.5 (/opt/ros/humble/share/rosidl_generator_c/cmake)
[0.234s] -- Found rosidl_adapter: 3.1.5 (/opt/ros/humble/share/rosidl_adapter/cmake)
[0.238s] -- Found rosidl_generator_cpp: 3.1.5 (/opt/ros/humble/share/rosidl_generator_cpp/cmake)
[0.255s] -- Using all available rosidl_typesupport_c: rosidl_typesupport_fastrtps_c;rosidl_typesupport_introspection_c
[0.275s] -- Using all available rosidl_typesupport_cpp: rosidl_typesupport_fastrtps_cpp;rosidl_typesupport_introspection_cpp
[0.324s] -- Found rmw_implementation_cmake: 6.1.1 (/opt/ros/humble/share/rmw_implementation_cmake/cmake)
[0.334s] -- Found rmw_cyclonedds_cpp: 1.3.4 (/opt/ros/humble/share/rmw_cyclonedds_cpp/cmake)
[0.363s] -- Using RMW implementation 'rmw_cyclonedds_cpp' as default
[0.461s] -- Found tier4_planning_msgs: 0.1.0 (/home/pi/autoware/install/tier4_planning_msgs/share/tier4_planning_msgs/cmake)
[0.606s] -- Found autoware_auto_planning_msgs: 1.0.0 (/home/pi/autoware/install/autoware_auto_planning_msgs/share/autoware_auto_planning_msgs/cmake)
[0.911s] -- Found tier4_autoware_utils: 0.1.0 (/home/pi/autoware/install/tier4_autoware_utils/share/tier4_autoware_utils/cmake)
[1.338s] -- Found eigen3_cmake_module: 0.1.1 (/opt/ros/humble/share/eigen3_cmake_module/cmake)
[1.339s] -- Ensuring Eigen3 include directory is part of orocos-kdl CMake target
[1.628s] -- Found vehicle_info_util: 0.1.0 (/home/pi/autoware/install/vehicle_info_util/share/vehicle_info_util/cmake)
[1.856s] -- Found motion_utils: 0.1.0 (/home/pi/autoware/install/motion_utils/share/motion_utils/cmake)
[2.587s] -- Found obstacle_avoidance_planner: 0.1.0 (/home/pi/autoware/install/obstacle_avoidance_planner/share/obstacle_avoidance_planner/cmake)
[3.983s] [31mCMake Error at /opt/ros/humble/share/ament_cmake_target_dependencies/cmake/ament_target_dependencies.cmake:42 (message):
[3.983s]   ament_target_dependencies() the first argument must be a valid target name
[3.983s] Call Stack (most recent call first):
[3.983s]   CMakeLists.txt:29 (ament_target_dependencies)
[3.983s] 
[3.983s] [0m
[3.983s] -- Configuring incomplete, errors occurred!
[3.983s] See also "/home/pi/cooperate_request/build/lane_change_request/CMakeFiles/CMakeOutput.log".
[3.989s] Invoked command in '/home/pi/cooperate_request/build/lane_change_request' returned '1': CMAKE_PREFIX_PATH=${CMAKE_PREFIX_PATH}:/home/pi/autoware/install/simulator_compatibility_test:/home/pi/autoware/install/ad_api_visualizers:/opt/ros/humble /usr/bin/cmake /home/pi/cooperate_request/src/lane_change_request -DCMAKE_INSTALL_PREFIX=/home/pi/cooperate_request/install/lane_change_request
