[0.091s] DEBUG:colcon:Command line arguments: ['/usr/bin/colcon', 'build']
[0.091s] DEBUG:colcon:Parsed command line arguments: Namespace(log_base=None, log_level=None, verb_name='build', build_base='build', install_base='install', merge_install=False, symlink_install=False, test_result_base=None, continue_on_error=False, executor='parallel', parallel_workers=8, event_handlers=None, ignore_user_meta=False, metas=['./colcon.meta'], base_paths=['.'], packages_ignore=None, packages_ignore_regex=None, paths=None, packages_up_to=None, packages_up_to_regex=None, packages_above=None, packages_above_and_dependencies=None, packages_above_depth=None, packages_select_by_dep=None, packages_skip_by_dep=None, packages_skip_up_to=None, packages_select_build_failed=False, packages_skip_build_finished=False, packages_select_test_failures=False, packages_skip_test_passed=False, packages_select=None, packages_skip=None, packages_select_regex=None, packages_skip_regex=None, packages_start=None, packages_end=None, allow_overriding=[], cmake_args=None, cmake_target=None, cmake_target_skip_unavailable=False, cmake_clean_cache=False, cmake_clean_first=False, cmake_force_configure=False, ament_cmake_args=None, catkin_cmake_args=None, catkin_skip_building_tests=False, verb_parser=<colcon_defaults.argument_parser.defaults.DefaultArgumentsDecorator object at 0x778ec682c100>, verb_extension=<colcon_core.verb.build.BuildVerb object at 0x778ec67f3bb0>, main=<bound method BuildVerb.main of <colcon_core.verb.build.BuildVerb object at 0x778ec67f3bb0>>)
[0.204s] Level 1:colcon.colcon_core.package_discovery:discover_packages(colcon_meta) check parameters
[0.204s] Level 1:colcon.colcon_core.package_discovery:discover_packages(recursive) check parameters
[0.204s] Level 1:colcon.colcon_core.package_discovery:discover_packages(ignore) check parameters
[0.204s] Level 1:colcon.colcon_core.package_discovery:discover_packages(path) check parameters
[0.204s] Level 1:colcon.colcon_core.package_discovery:discover_packages(colcon_meta) discover
[0.204s] Level 1:colcon.colcon_core.package_discovery:discover_packages(recursive) discover
[0.204s] INFO:colcon.colcon_core.package_discovery:Crawling recursively for packages in '/home/goncalo/MECT1-1/bolsaIT/cooperate_request'
[0.204s] Level 1:colcon.colcon_core.package_identification:_identify(.) by extensions ['ignore', 'ignore_ament_install']
[0.205s] Level 1:colcon.colcon_core.package_identification:_identify(.) by extension 'ignore'
[0.205s] Level 1:colcon.colcon_core.package_identification:_identify(.) by extension 'ignore_ament_install'
[0.205s] Level 1:colcon.colcon_core.package_identification:_identify(.) by extensions ['colcon_pkg']
[0.205s] Level 1:colcon.colcon_core.package_identification:_identify(.) by extension 'colcon_pkg'
[0.205s] Level 1:colcon.colcon_core.package_identification:_identify(.) by extensions ['colcon_meta']
[0.205s] Level 1:colcon.colcon_core.package_identification:_identify(.) by extension 'colcon_meta'
[0.205s] Level 1:colcon.colcon_core.package_identification:_identify(.) by extensions ['ros']
[0.205s] Level 1:colcon.colcon_core.package_identification:_identify(.) by extension 'ros'
[0.212s] Level 1:colcon.colcon_core.package_identification:_identify(.) by extensions ['cmake', 'python']
[0.212s] Level 1:colcon.colcon_core.package_identification:_identify(.) by extension 'cmake'
[0.212s] Level 1:colcon.colcon_core.package_identification:_identify(.) by extension 'python'
[0.212s] Level 1:colcon.colcon_core.package_identification:_identify(.) by extensions ['python_setup_py']
[0.212s] Level 1:colcon.colcon_core.package_identification:_identify(.) by extension 'python_setup_py'
[0.212s] Level 1:colcon.colcon_core.package_identification:_identify(build) by extensions ['ignore', 'ignore_ament_install']
[0.212s] Level 1:colcon.colcon_core.package_identification:_identify(build) by extension 'ignore'
[0.212s] Level 1:colcon.colcon_core.package_identification:_identify(build) ignored
[0.212s] Level 1:colcon.colcon_core.package_identification:_identify(install) by extensions ['ignore', 'ignore_ament_install']
[0.212s] Level 1:colcon.colcon_core.package_identification:_identify(install) by extension 'ignore'
[0.212s] Level 1:colcon.colcon_core.package_identification:_identify(install) ignored
[0.212s] Level 1:colcon.colcon_core.package_identification:_identify(log) by extensions ['ignore', 'ignore_ament_install']
[0.212s] Level 1:colcon.colcon_core.package_identification:_identify(log) by extension 'ignore'
[0.212s] Level 1:colcon.colcon_core.package_identification:_identify(log) ignored
[0.212s] Level 1:colcon.colcon_core.package_identification:_identify(src) by extensions ['ignore', 'ignore_ament_install']
[0.212s] Level 1:colcon.colcon_core.package_identification:_identify(src) by extension 'ignore'
[0.212s] Level 1:colcon.colcon_core.package_identification:_identify(src) by extension 'ignore_ament_install'
[0.212s] Level 1:colcon.colcon_core.package_identification:_identify(src) by extensions ['colcon_pkg']
[0.212s] Level 1:colcon.colcon_core.package_identification:_identify(src) by extension 'colcon_pkg'
[0.212s] Level 1:colcon.colcon_core.package_identification:_identify(src) by extensions ['colcon_meta']
[0.212s] Level 1:colcon.colcon_core.package_identification:_identify(src) by extension 'colcon_meta'
[0.212s] Level 1:colcon.colcon_core.package_identification:_identify(src) by extensions ['ros']
[0.212s] Level 1:colcon.colcon_core.package_identification:_identify(src) by extension 'ros'
[0.212s] Level 1:colcon.colcon_core.package_identification:_identify(src) by extensions ['cmake', 'python']
[0.212s] Level 1:colcon.colcon_core.package_identification:_identify(src) by extension 'cmake'
[0.212s] Level 1:colcon.colcon_core.package_identification:_identify(src) by extension 'python'
[0.212s] Level 1:colcon.colcon_core.package_identification:_identify(src) by extensions ['python_setup_py']
[0.213s] Level 1:colcon.colcon_core.package_identification:_identify(src) by extension 'python_setup_py'
[0.213s] Level 1:colcon.colcon_core.package_identification:_identify(src/lane_change_request) by extensions ['ignore', 'ignore_ament_install']
[0.213s] Level 1:colcon.colcon_core.package_identification:_identify(src/lane_change_request) by extension 'ignore'
[0.213s] Level 1:colcon.colcon_core.package_identification:_identify(src/lane_change_request) by extension 'ignore_ament_install'
[0.213s] Level 1:colcon.colcon_core.package_identification:_identify(src/lane_change_request) by extensions ['colcon_pkg']
[0.213s] Level 1:colcon.colcon_core.package_identification:_identify(src/lane_change_request) by extension 'colcon_pkg'
[0.213s] Level 1:colcon.colcon_core.package_identification:_identify(src/lane_change_request) by extensions ['colcon_meta']
[0.213s] Level 1:colcon.colcon_core.package_identification:_identify(src/lane_change_request) by extension 'colcon_meta'
[0.213s] Level 1:colcon.colcon_core.package_identification:_identify(src/lane_change_request) by extensions ['ros']
[0.213s] Level 1:colcon.colcon_core.package_identification:_identify(src/lane_change_request) by extension 'ros'
[0.215s] DEBUG:colcon.colcon_core.package_identification:Package 'src/lane_change_request' with type 'ros.ament_cmake' and name 'lane_change_request'
[0.215s] Level 1:colcon.colcon_core.package_discovery:discover_packages(recursive) using defaults
[0.215s] Level 1:colcon.colcon_core.package_discovery:discover_packages(ignore) discover
[0.215s] Level 1:colcon.colcon_core.package_discovery:discover_packages(ignore) using defaults
[0.215s] Level 1:colcon.colcon_core.package_discovery:discover_packages(path) discover
[0.215s] Level 1:colcon.colcon_core.package_discovery:discover_packages(path) using defaults
[0.227s] Level 1:colcon.colcon_core.package_discovery:discover_packages(prefix_path) check parameters
[0.227s] Level 1:colcon.colcon_core.package_discovery:discover_packages(prefix_path) discover
[0.229s] DEBUG:colcon.colcon_installed_package_information.package_discovery:Found 270 installed packages in /opt/ros/humble
[0.230s] Level 1:colcon.colcon_core.package_discovery:discover_packages(prefix_path) using defaults
[0.257s] Level 5:colcon.colcon_core.verb:set package 'lane_change_request' build argument 'cmake_args' from command line to 'None'
[0.257s] Level 5:colcon.colcon_core.verb:set package 'lane_change_request' build argument 'cmake_target' from command line to 'None'
[0.257s] Level 5:colcon.colcon_core.verb:set package 'lane_change_request' build argument 'cmake_target_skip_unavailable' from command line to 'False'
[0.257s] Level 5:colcon.colcon_core.verb:set package 'lane_change_request' build argument 'cmake_clean_cache' from command line to 'False'
[0.257s] Level 5:colcon.colcon_core.verb:set package 'lane_change_request' build argument 'cmake_clean_first' from command line to 'False'
[0.257s] Level 5:colcon.colcon_core.verb:set package 'lane_change_request' build argument 'cmake_force_configure' from command line to 'False'
[0.257s] Level 5:colcon.colcon_core.verb:set package 'lane_change_request' build argument 'ament_cmake_args' from command line to 'None'
[0.257s] Level 5:colcon.colcon_core.verb:set package 'lane_change_request' build argument 'catkin_cmake_args' from command line to 'None'
[0.257s] Level 5:colcon.colcon_core.verb:set package 'lane_change_request' build argument 'catkin_skip_building_tests' from command line to 'False'
[0.257s] DEBUG:colcon.colcon_core.verb:Building package 'lane_change_request' with the following arguments: {'ament_cmake_args': None, 'build_base': '/home/goncalo/MECT1-1/bolsaIT/cooperate_request/build/lane_change_request', 'catkin_cmake_args': None, 'catkin_skip_building_tests': False, 'cmake_args': None, 'cmake_clean_cache': False, 'cmake_clean_first': False, 'cmake_force_configure': False, 'cmake_target': None, 'cmake_target_skip_unavailable': False, 'install_base': '/home/goncalo/MECT1-1/bolsaIT/cooperate_request/install/lane_change_request', 'merge_install': False, 'path': '/home/goncalo/MECT1-1/bolsaIT/cooperate_request/src/lane_change_request', 'symlink_install': False, 'test_result_base': None}
[0.257s] INFO:colcon.colcon_core.executor:Executing jobs using 'parallel' executor
[0.258s] DEBUG:colcon.colcon_parallel_executor.executor.parallel:run_until_complete
[0.258s] INFO:colcon.colcon_ros.task.ament_cmake.build:Building ROS package in '/home/goncalo/MECT1-1/bolsaIT/cooperate_request/src/lane_change_request' with build type 'ament_cmake'
[0.258s] INFO:colcon.colcon_cmake.task.cmake.build:Building CMake package in '/home/goncalo/MECT1-1/bolsaIT/cooperate_request/src/lane_change_request'
[0.259s] INFO:colcon.colcon_core.plugin_system:Skipping extension 'colcon_core.shell.bat': Not used on non-Windows systems
[0.259s] INFO:colcon.colcon_core.shell:Skip shell extension 'powershell' for command environment: Not usable outside of PowerShell
[0.259s] DEBUG:colcon.colcon_core.shell:Skip shell extension 'dsv' for command environment
[0.264s] DEBUG:colcon.colcon_core.event_handler.log_command:Invoking command in '/home/goncalo/MECT1-1/bolsaIT/cooperate_request/build/lane_change_request': CMAKE_PREFIX_PATH=/opt/ros/humble /usr/bin/cmake /home/goncalo/MECT1-1/bolsaIT/cooperate_request/src/lane_change_request -DCMAKE_INSTALL_PREFIX=/home/goncalo/MECT1-1/bolsaIT/cooperate_request/install/lane_change_request
[0.592s] DEBUG:colcon.colcon_core.event_handler.log_command:Invoked command in '/home/goncalo/MECT1-1/bolsaIT/cooperate_request/build/lane_change_request' returned '1': CMAKE_PREFIX_PATH=/opt/ros/humble /usr/bin/cmake /home/goncalo/MECT1-1/bolsaIT/cooperate_request/src/lane_change_request -DCMAKE_INSTALL_PREFIX=/home/goncalo/MECT1-1/bolsaIT/cooperate_request/install/lane_change_request
[0.602s] Level 1:colcon.colcon_core.environment:create_environment_scripts_only(lane_change_request)
[0.604s] Level 1:colcon.colcon_core.environment:checking '/home/goncalo/MECT1-1/bolsaIT/cooperate_request/install/lane_change_request' for CMake module files
[0.604s] Level 1:colcon.colcon_core.environment:checking '/home/goncalo/MECT1-1/bolsaIT/cooperate_request/install/lane_change_request' for CMake config files
[0.604s] Level 1:colcon.colcon_core.environment:checking '/home/goncalo/MECT1-1/bolsaIT/cooperate_request/install/lane_change_request/bin'
[0.604s] Level 1:colcon.colcon_core.environment:checking '/home/goncalo/MECT1-1/bolsaIT/cooperate_request/install/lane_change_request/lib/pkgconfig/lane_change_request.pc'
[0.604s] Level 1:colcon.colcon_core.environment:checking '/home/goncalo/MECT1-1/bolsaIT/cooperate_request/install/lane_change_request/lib/python3.10/site-packages'
[0.605s] Level 1:colcon.colcon_core.environment:checking '/home/goncalo/MECT1-1/bolsaIT/cooperate_request/install/lane_change_request/bin'
[0.605s] INFO:colcon.colcon_core.shell:Creating package script '/home/goncalo/MECT1-1/bolsaIT/cooperate_request/install/lane_change_request/share/lane_change_request/package.ps1'
[0.605s] INFO:colcon.colcon_core.shell:Creating package descriptor '/home/goncalo/MECT1-1/bolsaIT/cooperate_request/install/lane_change_request/share/lane_change_request/package.dsv'
[0.606s] INFO:colcon.colcon_core.shell:Creating package script '/home/goncalo/MECT1-1/bolsaIT/cooperate_request/install/lane_change_request/share/lane_change_request/package.sh'
[0.606s] INFO:colcon.colcon_core.shell:Creating package script '/home/goncalo/MECT1-1/bolsaIT/cooperate_request/install/lane_change_request/share/lane_change_request/package.bash'
[0.607s] INFO:colcon.colcon_core.shell:Creating package script '/home/goncalo/MECT1-1/bolsaIT/cooperate_request/install/lane_change_request/share/lane_change_request/package.zsh'
[0.607s] Level 1:colcon.colcon_core.environment:create_file_with_runtime_dependencies(/home/goncalo/MECT1-1/bolsaIT/cooperate_request/install/lane_change_request/share/colcon-core/packages/lane_change_request)
[0.617s] DEBUG:colcon.colcon_parallel_executor.executor.parallel:closing loop
[0.617s] DEBUG:colcon.colcon_parallel_executor.executor.parallel:loop closed
[0.618s] DEBUG:colcon.colcon_parallel_executor.executor.parallel:run_until_complete finished with '1'
[0.618s] DEBUG:colcon.colcon_core.event_reactor:joining thread
[0.621s] INFO:colcon.colcon_core.plugin_system:Skipping extension 'colcon_notification.desktop_notification.notify_send': Could not find 'notify-send'
[0.621s] INFO:colcon.colcon_core.plugin_system:Skipping extension 'colcon_notification.desktop_notification.terminal_notifier': Not used on non-Darwin systems
[0.621s] INFO:colcon.colcon_core.plugin_system:Skipping extension 'colcon_notification.desktop_notification.win32': Not used on non-Windows systems
[0.621s] INFO:colcon.colcon_notification.desktop_notification:Sending desktop notification using 'notify2'
[0.627s] DEBUG:colcon.colcon_core.event_reactor:joined thread
[0.627s] INFO:colcon.colcon_core.shell:Creating prefix script '/home/goncalo/MECT1-1/bolsaIT/cooperate_request/install/local_setup.ps1'
[0.628s] INFO:colcon.colcon_core.shell:Creating prefix util module '/home/goncalo/MECT1-1/bolsaIT/cooperate_request/install/_local_setup_util_ps1.py'
[0.628s] INFO:colcon.colcon_core.shell:Creating prefix chain script '/home/goncalo/MECT1-1/bolsaIT/cooperate_request/install/setup.ps1'
[0.629s] INFO:colcon.colcon_core.shell:Creating prefix script '/home/goncalo/MECT1-1/bolsaIT/cooperate_request/install/local_setup.sh'
[0.629s] INFO:colcon.colcon_core.shell:Creating prefix util module '/home/goncalo/MECT1-1/bolsaIT/cooperate_request/install/_local_setup_util_sh.py'
[0.630s] INFO:colcon.colcon_core.shell:Creating prefix chain script '/home/goncalo/MECT1-1/bolsaIT/cooperate_request/install/setup.sh'
[0.631s] INFO:colcon.colcon_core.shell:Creating prefix script '/home/goncalo/MECT1-1/bolsaIT/cooperate_request/install/local_setup.bash'
[0.631s] INFO:colcon.colcon_core.shell:Creating prefix chain script '/home/goncalo/MECT1-1/bolsaIT/cooperate_request/install/setup.bash'
[0.632s] INFO:colcon.colcon_core.shell:Creating prefix script '/home/goncalo/MECT1-1/bolsaIT/cooperate_request/install/local_setup.zsh'
[0.632s] INFO:colcon.colcon_core.shell:Creating prefix chain script '/home/goncalo/MECT1-1/bolsaIT/cooperate_request/install/setup.zsh'
