In file included from [01m[K/usr/include/boost/math/tools/cxx03_warn.hpp:9[m[K,
                 from [01m[K/usr/include/boost/math/constants/constants.hpp:11[m[K,
                 from [01m[K/usr/include/boost/geometry/util/math.hpp:29[m[K,
                 from [01m[K/usr/include/boost/geometry/util/is_inverse_spheroidal_coordinates.hpp:19[m[K,
                 from [01m[K/usr/include/boost/geometry/algorithms/detail/assign_values.hpp:42[m[K,
                 from [01m[K/usr/include/boost/geometry/algorithms/detail/assign_box_corners.hpp:21[m[K,
                 from [01m[K/usr/include/boost/geometry/algorithms/convert.hpp:38[m[K,
                 from [01m[K/usr/include/boost/geometry/geometries/box.hpp:22[m[K,
                 from [01m[K/usr/include/boost/geometry/geometries/geometries.hpp:25[m[K,
                 from [01m[K/home/pi/autoware/install/tier4_autoware_utils/include/tier4_autoware_utils/geometry/boost_geometry.hpp:19[m[K,
                 from [01m[K/home/pi/autoware/install/tier4_autoware_utils/include/tier4_autoware_utils/geometry/geometry.hpp:23[m[K,
                 from [01m[K/home/pi/autoware/install/motion_utils/include/motion_utils/trajectory/trajectory.hpp:18[m[K,
                 from [01m[K/home/pi/autoware/install/motion_utils/include/motion_utils/resample/resample_utils.hpp:19[m[K,
                 from [01m[K/home/pi/autoware/install/motion_utils/include/motion_utils/marker/marker_helper.hpp:18[m[K,
                 from [01m[K/home/pi/autoware/install/motion_utils/include/motion_utils/motion_utils.hpp:19[m[K,
                 from [01m[K/home/pi/cooperate_request/src/lane_change_request/include/lane_change_request/lane.hpp:18[m[K,
                 from [01m[K/home/pi/cooperate_request/src/lane_change_request/src/main.cpp:15[m[K:
[01m[K/usr/include/boost/detail/no_exceptions_support.hpp:17:1:[m[K [01;36m[Knote: [m[K‘[01m[K#pragma message: This header is deprecated. Use <boost/core/no_exceptions_support.hpp> instead.[m[K’
   17 | [01;36m[KBOOST_HEADER_DEPRECATED[m[K("<boost/core/no_exceptions_support.hpp>")
      | [01;36m[K^~~~~~~~~~~~~~~~~~~~~~~[m[K
In file included from [01m[K/home/pi/cooperate_request/src/lane_change_request/src/main.cpp:15[m[K:
[01m[K/home/pi/cooperate_request/src/lane_change_request/include/lane_change_request/lane.hpp:[m[K In member function ‘[01m[Kvoid trajectory_remap_node::TrajectoryRemapper::trajectoryCallback(autoware_auto_planning_msgs::msg::Trajectory_<std::allocator<void> >::SharedPtr)[m[K’:
[01m[K/home/pi/cooperate_request/src/lane_change_request/include/lane_change_request/lane.hpp:178:8:[m[K [01;31m[Kerror: [m[K‘[01m[Kenable_lane_change[m[K’ was not declared in this scope
  178 |   if (![01;31m[Kenable_lane_change[m[K)
      |        [01;31m[K^~~~~~~~~~~~~~~~~~[m[K
[01m[K/home/pi/cooperate_request/src/lane_change_request/include/lane_change_request/lane.hpp:186:79:[m[K [01;31m[Kerror: [m[K‘[01m[Klane_change_direction[m[K’ was not declared in this scope; did you mean ‘[01m[KLaneChangeDirection[m[K’?
  186 |     modified_trajectory = TrajectoryRemapper::modifyTrajectory(new_trajectory,[01;31m[Klane_change_direction[m[K, acceleration_profile);
      |                                                                               [01;31m[K^~~~~~~~~~~~~~~~~~~~~[m[K
      |                                                                               [32m[KLaneChangeDirection[m[K
[01m[K/home/pi/cooperate_request/src/lane_change_request/include/lane_change_request/lane.hpp:186:102:[m[K [01;31m[Kerror: [m[K‘[01m[Kacceleration_profile[m[K’ was not declared in this scope
  186 |     modified_trajectory = TrajectoryRemapper::modifyTrajectory(new_trajectory,lane_change_direction, [01;31m[Kacceleration_profile[m[K);
      |                                                                                                      [01;31m[K^~~~~~~~~~~~~~~~~~~~[m[K
[01m[K/home/pi/cooperate_request/src/lane_change_request/src/main.cpp:[m[K At global scope:
[01m[K/home/pi/cooperate_request/src/lane_change_request/src/main.cpp:20:8:[m[K [01;31m[Kerror: [m[K‘[01m[KLaneChangeDirection[m[K’ does not name a type
   20 | static [01;31m[KLaneChangeDirection[m[K lane_change_direction = LaneChangeDirection::LEFT;
      |        [01;31m[K^~~~~~~~~~~~~~~~~~~[m[K
gmake[2]: *** [CMakeFiles/trajectory_remmaper.dir/build.make:76: CMakeFiles/trajectory_remmaper.dir/src/main.cpp.o] Error 1
gmake[1]: *** [CMakeFiles/Makefile2:137: CMakeFiles/trajectory_remmaper.dir/all] Error 2
gmake: *** [Makefile:146: all] Error 2
