[0.089s] DEBUG:colcon:Command line arguments: ['/usr/bin/colcon', 'build', '--packages-select', 'lane_change_request']
[0.089s] DEBUG:colcon:Parsed command line arguments: Namespace(log_base=None, log_level=None, verb_name='build', build_base='build', install_base='install', merge_install=False, symlink_install=False, test_result_base=None, continue_on_error=False, executor='parallel', parallel_workers=24, event_handlers=None, ignore_user_meta=False, metas=['./colcon.meta'], base_paths=['.'], packages_ignore=None, packages_ignore_regex=None, paths=None, packages_up_to=None, packages_up_to_regex=None, packages_above=None, packages_above_and_dependencies=None, packages_above_depth=None, packages_select_by_dep=None, packages_skip_by_dep=None, packages_skip_up_to=None, packages_select_build_failed=False, packages_skip_build_finished=False, packages_select_test_failures=False, packages_skip_test_passed=False, packages_select=['lane_change_request'], packages_skip=None, packages_select_regex=None, packages_skip_regex=None, packages_start=None, packages_end=None, allow_overriding=[], cmake_args=None, cmake_target=None, cmake_target_skip_unavailable=False, cmake_clean_cache=False, cmake_clean_first=False, cmake_force_configure=False, ament_cmake_args=None, catkin_cmake_args=None, catkin_skip_building_tests=False, mixin_files=None, mixin=None, verb_parser=<colcon_mixin.mixin.mixin_argument.MixinArgumentDecorator object at 0x755e1db33f40>, verb_extension=<colcon_core.verb.build.BuildVerb object at 0x755e1dcf0790>, main=<bound method BuildVerb.main of <colcon_core.verb.build.BuildVerb object at 0x755e1dcf0790>>, mixin_verb=('build',))
[0.271s] Level 1:colcon.colcon_core.package_discovery:discover_packages(colcon_meta) check parameters
[0.271s] Level 1:colcon.colcon_core.package_discovery:discover_packages(recursive) check parameters
[0.271s] Level 1:colcon.colcon_core.package_discovery:discover_packages(ignore) check parameters
[0.271s] Level 1:colcon.colcon_core.package_discovery:discover_packages(path) check parameters
[0.271s] Level 1:colcon.colcon_core.package_discovery:discover_packages(colcon_meta) discover
[0.272s] Level 1:colcon.colcon_core.package_discovery:discover_packages(recursive) discover
[0.272s] INFO:colcon.colcon_core.package_discovery:Crawling recursively for packages in '/home/pi/cooperate_request'
[0.272s] Level 1:colcon.colcon_core.package_identification:_identify(.) by extensions ['ignore', 'ignore_ament_install']
[0.272s] Level 1:colcon.colcon_core.package_identification:_identify(.) by extension 'ignore'
[0.272s] Level 1:colcon.colcon_core.package_identification:_identify(.) by extension 'ignore_ament_install'
[0.272s] Level 1:colcon.colcon_core.package_identification:_identify(.) by extensions ['colcon_pkg']
[0.272s] Level 1:colcon.colcon_core.package_identification:_identify(.) by extension 'colcon_pkg'
[0.272s] Level 1:colcon.colcon_core.package_identification:_identify(.) by extensions ['colcon_meta']
[0.272s] Level 1:colcon.colcon_core.package_identification:_identify(.) by extension 'colcon_meta'
[0.272s] Level 1:colcon.colcon_core.package_identification:_identify(.) by extensions ['ros']
[0.272s] Level 1:colcon.colcon_core.package_identification:_identify(.) by extension 'ros'
[0.279s] Level 1:colcon.colcon_core.package_identification:_identify(.) by extensions ['cmake', 'python']
[0.279s] Level 1:colcon.colcon_core.package_identification:_identify(.) by extension 'cmake'
[0.279s] Level 1:colcon.colcon_core.package_identification:_identify(.) by extension 'python'
[0.279s] Level 1:colcon.colcon_core.package_identification:_identify(.) by extensions ['python_setup_py']
[0.279s] Level 1:colcon.colcon_core.package_identification:_identify(.) by extension 'python_setup_py'
[0.279s] Level 1:colcon.colcon_core.package_identification:_identify(build) by extensions ['ignore', 'ignore_ament_install']
[0.279s] Level 1:colcon.colcon_core.package_identification:_identify(build) by extension 'ignore'
[0.279s] Level 1:colcon.colcon_core.package_identification:_identify(build) ignored
[0.279s] Level 1:colcon.colcon_core.package_identification:_identify(install) by extensions ['ignore', 'ignore_ament_install']
[0.279s] Level 1:colcon.colcon_core.package_identification:_identify(install) by extension 'ignore'
[0.279s] Level 1:colcon.colcon_core.package_identification:_identify(install) ignored
[0.280s] Level 1:colcon.colcon_core.package_identification:_identify(log) by extensions ['ignore', 'ignore_ament_install']
[0.280s] Level 1:colcon.colcon_core.package_identification:_identify(log) by extension 'ignore'
[0.280s] Level 1:colcon.colcon_core.package_identification:_identify(log) ignored
[0.280s] Level 1:colcon.colcon_core.package_identification:_identify(src) by extensions ['ignore', 'ignore_ament_install']
[0.280s] Level 1:colcon.colcon_core.package_identification:_identify(src) by extension 'ignore'
[0.280s] Level 1:colcon.colcon_core.package_identification:_identify(src) by extension 'ignore_ament_install'
[0.280s] Level 1:colcon.colcon_core.package_identification:_identify(src) by extensions ['colcon_pkg']
[0.280s] Level 1:colcon.colcon_core.package_identification:_identify(src) by extension 'colcon_pkg'
[0.280s] Level 1:colcon.colcon_core.package_identification:_identify(src) by extensions ['colcon_meta']
[0.280s] Level 1:colcon.colcon_core.package_identification:_identify(src) by extension 'colcon_meta'
[0.280s] Level 1:colcon.colcon_core.package_identification:_identify(src) by extensions ['ros']
[0.280s] Level 1:colcon.colcon_core.package_identification:_identify(src) by extension 'ros'
[0.280s] Level 1:colcon.colcon_core.package_identification:_identify(src) by extensions ['cmake', 'python']
[0.280s] Level 1:colcon.colcon_core.package_identification:_identify(src) by extension 'cmake'
[0.280s] Level 1:colcon.colcon_core.package_identification:_identify(src) by extension 'python'
[0.280s] Level 1:colcon.colcon_core.package_identification:_identify(src) by extensions ['python_setup_py']
[0.280s] Level 1:colcon.colcon_core.package_identification:_identify(src) by extension 'python_setup_py'
[0.280s] Level 1:colcon.colcon_core.package_identification:_identify(src/lane_change_request) by extensions ['ignore', 'ignore_ament_install']
[0.280s] Level 1:colcon.colcon_core.package_identification:_identify(src/lane_change_request) by extension 'ignore'
[0.280s] Level 1:colcon.colcon_core.package_identification:_identify(src/lane_change_request) by extension 'ignore_ament_install'
[0.280s] Level 1:colcon.colcon_core.package_identification:_identify(src/lane_change_request) by extensions ['colcon_pkg']
[0.280s] Level 1:colcon.colcon_core.package_identification:_identify(src/lane_change_request) by extension 'colcon_pkg'
[0.280s] Level 1:colcon.colcon_core.package_identification:_identify(src/lane_change_request) by extensions ['colcon_meta']
[0.280s] Level 1:colcon.colcon_core.package_identification:_identify(src/lane_change_request) by extension 'colcon_meta'
[0.280s] Level 1:colcon.colcon_core.package_identification:_identify(src/lane_change_request) by extensions ['ros']
[0.280s] Level 1:colcon.colcon_core.package_identification:_identify(src/lane_change_request) by extension 'ros'
[0.282s] DEBUG:colcon.colcon_core.package_identification:Package 'src/lane_change_request' with type 'ros.ament_cmake' and name 'lane_change_request'
[0.282s] Level 1:colcon.colcon_core.package_discovery:discover_packages(recursive) using defaults
[0.282s] Level 1:colcon.colcon_core.package_discovery:discover_packages(ignore) discover
[0.282s] Level 1:colcon.colcon_core.package_discovery:discover_packages(ignore) using defaults
[0.282s] Level 1:colcon.colcon_core.package_discovery:discover_packages(path) discover
[0.282s] Level 1:colcon.colcon_core.package_discovery:discover_packages(path) using defaults
[0.297s] Level 1:colcon.colcon_core.package_discovery:discover_packages(prefix_path) check parameters
[0.297s] Level 1:colcon.colcon_core.package_discovery:discover_packages(prefix_path) discover
[0.309s] DEBUG:colcon.colcon_installed_package_information.package_discovery:Found 238 installed packages in /home/pi/autoware/install
[0.310s] DEBUG:colcon.colcon_installed_package_information.package_discovery:Found 1 installed packages in /home/pi/amaral/vortex/worldmodel_test/vortex-interfaces-dev/vortex_perception_msgs/install
[0.311s] DEBUG:colcon.colcon_installed_package_information.package_discovery:Found 1 installed packages in /home/pi/amaral/vortex/worldmodel_test/vortex-interfaces-dev/vortex_std_msgs/install
[0.311s] DEBUG:colcon.colcon_installed_package_information.package_discovery:Found 4 installed packages in /home/pi/Fast-DDS-python/install
[0.312s] DEBUG:colcon.colcon_installed_package_information.package_discovery:Found 346 installed packages in /opt/ros/humble
[0.313s] Level 1:colcon.colcon_core.package_discovery:discover_packages(prefix_path) using defaults
[0.353s] Level 5:colcon.colcon_core.verb:set package 'lane_change_request' build argument 'cmake_args' from command line to 'None'
[0.353s] Level 5:colcon.colcon_core.verb:set package 'lane_change_request' build argument 'cmake_target' from command line to 'None'
[0.353s] Level 5:colcon.colcon_core.verb:set package 'lane_change_request' build argument 'cmake_target_skip_unavailable' from command line to 'False'
[0.353s] Level 5:colcon.colcon_core.verb:set package 'lane_change_request' build argument 'cmake_clean_cache' from command line to 'False'
[0.353s] Level 5:colcon.colcon_core.verb:set package 'lane_change_request' build argument 'cmake_clean_first' from command line to 'False'
[0.353s] Level 5:colcon.colcon_core.verb:set package 'lane_change_request' build argument 'cmake_force_configure' from command line to 'False'
[0.353s] Level 5:colcon.colcon_core.verb:set package 'lane_change_request' build argument 'ament_cmake_args' from command line to 'None'
[0.353s] Level 5:colcon.colcon_core.verb:set package 'lane_change_request' build argument 'catkin_cmake_args' from command line to 'None'
[0.353s] Level 5:colcon.colcon_core.verb:set package 'lane_change_request' build argument 'catkin_skip_building_tests' from command line to 'False'
[0.353s] DEBUG:colcon.colcon_core.verb:Building package 'lane_change_request' with the following arguments: {'ament_cmake_args': None, 'build_base': '/home/pi/cooperate_request/build/lane_change_request', 'catkin_cmake_args': None, 'catkin_skip_building_tests': False, 'cmake_args': None, 'cmake_clean_cache': False, 'cmake_clean_first': False, 'cmake_force_configure': False, 'cmake_target': None, 'cmake_target_skip_unavailable': False, 'install_base': '/home/pi/cooperate_request/install/lane_change_request', 'merge_install': False, 'path': '/home/pi/cooperate_request/src/lane_change_request', 'symlink_install': False, 'test_result_base': None}
[0.353s] INFO:colcon.colcon_core.executor:Executing jobs using 'parallel' executor
[0.354s] DEBUG:colcon.colcon_parallel_executor.executor.parallel:run_until_complete
[0.354s] INFO:colcon.colcon_ros.task.ament_cmake.build:Building ROS package in '/home/pi/cooperate_request/src/lane_change_request' with build type 'ament_cmake'
[0.354s] INFO:colcon.colcon_cmake.task.cmake.build:Building CMake package in '/home/pi/cooperate_request/src/lane_change_request'
[0.356s] INFO:colcon.colcon_core.plugin_system:Skipping extension 'colcon_core.shell.bat': Not used on non-Windows systems
[0.356s] INFO:colcon.colcon_core.shell:Skip shell extension 'powershell' for command environment: Not usable outside of PowerShell
[0.356s] DEBUG:colcon.colcon_core.shell:Skip shell extension 'dsv' for command environment
[0.385s] DEBUG:colcon.colcon_core.event_handler.log_command:Invoking command in '/home/pi/cooperate_request/build/lane_change_request': CMAKE_PREFIX_PATH=${CMAKE_PREFIX_PATH}:/home/pi/autoware/install/simulator_compatibility_test:/home/pi/autoware/install/ad_api_visualizers:/opt/ros/humble /usr/bin/cmake --build /home/pi/cooperate_request/build/lane_change_request -- -j24 -l24
[7.703s] DEBUG:colcon.colcon_core.event_handler.log_command:Invoked command in '/home/pi/cooperate_request/build/lane_change_request' returned '2': CMAKE_PREFIX_PATH=${CMAKE_PREFIX_PATH}:/home/pi/autoware/install/simulator_compatibility_test:/home/pi/autoware/install/ad_api_visualizers:/opt/ros/humble /usr/bin/cmake --build /home/pi/cooperate_request/build/lane_change_request -- -j24 -l24
[7.817s] Level 1:colcon.colcon_core.environment:create_environment_scripts_only(lane_change_request)
[7.820s] Level 1:colcon.colcon_core.environment:checking '/home/pi/cooperate_request/install/lane_change_request' for CMake module files
[7.820s] Level 1:colcon.colcon_core.environment:checking '/home/pi/cooperate_request/install/lane_change_request' for CMake config files
[7.820s] Level 1:colcon.colcon_core.environment:checking '/home/pi/cooperate_request/install/lane_change_request/bin'
[7.820s] Level 1:colcon.colcon_core.environment:checking '/home/pi/cooperate_request/install/lane_change_request/lib/pkgconfig/lane_change_request.pc'
[7.821s] Level 1:colcon.colcon_core.environment:checking '/home/pi/cooperate_request/install/lane_change_request/lib/python3.10/site-packages'
[7.821s] Level 1:colcon.colcon_core.environment:checking '/home/pi/cooperate_request/install/lane_change_request/bin'
[7.821s] INFO:colcon.colcon_core.shell:Creating package script '/home/pi/cooperate_request/install/lane_change_request/share/lane_change_request/package.ps1'
[7.822s] INFO:colcon.colcon_core.shell:Creating package descriptor '/home/pi/cooperate_request/install/lane_change_request/share/lane_change_request/package.dsv'
[7.822s] INFO:colcon.colcon_core.shell:Creating package script '/home/pi/cooperate_request/install/lane_change_request/share/lane_change_request/package.sh'
[7.823s] INFO:colcon.colcon_core.shell:Creating package script '/home/pi/cooperate_request/install/lane_change_request/share/lane_change_request/package.bash'
[7.824s] INFO:colcon.colcon_core.shell:Creating package script '/home/pi/cooperate_request/install/lane_change_request/share/lane_change_request/package.zsh'
[7.824s] Level 1:colcon.colcon_core.environment:create_file_with_runtime_dependencies(/home/pi/cooperate_request/install/lane_change_request/share/colcon-core/packages/lane_change_request)
[7.835s] DEBUG:colcon.colcon_parallel_executor.executor.parallel:closing loop
[7.835s] DEBUG:colcon.colcon_parallel_executor.executor.parallel:loop closed
[7.835s] DEBUG:colcon.colcon_parallel_executor.executor.parallel:run_until_complete finished with '2'
[7.835s] DEBUG:colcon.colcon_core.event_reactor:joining thread
[7.845s] INFO:colcon.colcon_core.plugin_system:Skipping extension 'colcon_notification.desktop_notification.terminal_notifier': Not used on non-Darwin systems
[7.845s] INFO:colcon.colcon_core.plugin_system:Skipping extension 'colcon_notification.desktop_notification.win32': Not used on non-Windows systems
[7.845s] INFO:colcon.colcon_notification.desktop_notification:Sending desktop notification using 'notify2'
[7.856s] DEBUG:colcon.colcon_core.event_reactor:joined thread
[7.857s] INFO:colcon.colcon_core.shell:Creating prefix script '/home/pi/cooperate_request/install/local_setup.ps1'
[7.858s] INFO:colcon.colcon_core.shell:Creating prefix util module '/home/pi/cooperate_request/install/_local_setup_util_ps1.py'
[7.859s] INFO:colcon.colcon_core.shell:Creating prefix chain script '/home/pi/cooperate_request/install/setup.ps1'
[7.870s] INFO:colcon.colcon_core.shell:Creating prefix script '/home/pi/cooperate_request/install/local_setup.sh'
[7.871s] INFO:colcon.colcon_core.shell:Creating prefix util module '/home/pi/cooperate_request/install/_local_setup_util_sh.py'
[7.871s] INFO:colcon.colcon_core.shell:Creating prefix chain script '/home/pi/cooperate_request/install/setup.sh'
[7.882s] INFO:colcon.colcon_core.shell:Creating prefix script '/home/pi/cooperate_request/install/local_setup.bash'
[7.882s] INFO:colcon.colcon_core.shell:Creating prefix chain script '/home/pi/cooperate_request/install/setup.bash'
[7.893s] INFO:colcon.colcon_core.shell:Creating prefix script '/home/pi/cooperate_request/install/local_setup.zsh'
[7.894s] INFO:colcon.colcon_core.shell:Creating prefix chain script '/home/pi/cooperate_request/install/setup.zsh'
