[0.030s] Invoking command in '/home/pi/cooperate_request/build/lane_change_request': CMAKE_PREFIX_PATH=${CMAKE_PREFIX_PATH}:/home/pi/autoware/install/simulator_compatibility_test:/home/pi/autoware/install/ad_api_visualizers:/opt/ros/humble /usr/bin/cmake --build /home/pi/cooperate_request/build/lane_change_request -- -j24 -l24
[0.154s] [35m[1mConsolidate compiler generated dependencies of target trajectory_remmaper[0m
[0.218s] [ 50%] [32mBuilding CXX object CMakeFiles/trajectory_remmaper.dir/src/main.cpp.o[0m
[4.337s] In file included from [01m[K/usr/include/boost/math/tools/cxx03_warn.hpp:9[m[K,
[4.337s]                  from [01m[K/usr/include/boost/math/constants/constants.hpp:11[m[K,
[4.337s]                  from [01m[K/usr/include/boost/geometry/util/math.hpp:29[m[K,
[4.338s]                  from [01m[K/usr/include/boost/geometry/util/is_inverse_spheroidal_coordinates.hpp:19[m[K,
[4.338s]                  from [01m[K/usr/include/boost/geometry/algorithms/detail/assign_values.hpp:42[m[K,
[4.338s]                  from [01m[K/usr/include/boost/geometry/algorithms/detail/assign_box_corners.hpp:21[m[K,
[4.338s]                  from [01m[K/usr/include/boost/geometry/algorithms/convert.hpp:38[m[K,
[4.338s]                  from [01m[K/usr/include/boost/geometry/geometries/box.hpp:22[m[K,
[4.338s]                  from [01m[K/usr/include/boost/geometry/geometries/geometries.hpp:25[m[K,
[4.338s]                  from [01m[K/home/pi/autoware/install/tier4_autoware_utils/include/tier4_autoware_utils/geometry/boost_geometry.hpp:19[m[K,
[4.338s]                  from [01m[K/home/pi/autoware/install/tier4_autoware_utils/include/tier4_autoware_utils/geometry/geometry.hpp:23[m[K,
[4.338s]                  from [01m[K/home/pi/autoware/install/motion_utils/include/motion_utils/trajectory/trajectory.hpp:18[m[K,
[4.338s]                  from [01m[K/home/pi/autoware/install/motion_utils/include/motion_utils/resample/resample_utils.hpp:19[m[K,
[4.338s]                  from [01m[K/home/pi/autoware/install/motion_utils/include/motion_utils/marker/marker_helper.hpp:18[m[K,
[4.338s]                  from [01m[K/home/pi/autoware/install/motion_utils/include/motion_utils/motion_utils.hpp:19[m[K,
[4.338s]                  from [01m[K/home/pi/cooperate_request/src/lane_change_request/include/lane_change_request/lane.hpp:18[m[K,
[4.338s]                  from [01m[K/home/pi/cooperate_request/src/lane_change_request/src/main.cpp:15[m[K:
[4.338s] [01m[K/usr/include/boost/detail/no_exceptions_support.hpp:17:1:[m[K [01;36m[Knote: [m[K‘[01m[K#pragma message: This header is deprecated. Use <boost/core/no_exceptions_support.hpp> instead.[m[K’
[4.338s]    17 | [01;36m[KBOOST_HEADER_DEPRECATED[m[K("<boost/core/no_exceptions_support.hpp>")
[4.338s]       | [01;36m[K^~~~~~~~~~~~~~~~~~~~~~~[m[K
[4.819s] [01m[K/home/pi/cooperate_request/src/lane_change_request/src/main.cpp:20:28:[m[K [01;31m[Kerror: [m[Kexpected initializer before ‘[01m[Klane_change_direction[m[K’
[4.819s]    20 | static LaneChangeDirection [01;31m[Klane_change_direction[m[K = LaneChangeDirection::LEFT;
[4.820s]       |                            [01;31m[K^~~~~~~~~~~~~~~~~~~~~[m[K
[4.824s] [01m[K/home/pi/cooperate_request/src/lane_change_request/src/main.cpp:89:93:[m[K [01;31m[Kerror: [m[Knon-member function ‘[01m[Kvoid trajectoryCallback(const SharedPtr&)[m[K’ cannot have cv-qualifier
[4.824s]    89 | void trajectoryCallback(const autoware_auto_planning_msgs::msg::Trajectory::SharedPtr &msg) [01;31m[Kconst[m[K
[4.824s]       |                                                                                             [01;31m[K^~~~~[m[K
[4.824s] [01m[K/home/pi/cooperate_request/src/lane_change_request/src/main.cpp:[m[K In function ‘[01m[Kvoid trajectoryCallback(const SharedPtr&)[m[K’:
[4.824s] [01m[K/home/pi/cooperate_request/src/lane_change_request/src/main.cpp:91:65:[m[K [01;31m[Kerror: [m[Kconversion from ‘[01m[Kconst SharedPtr[m[K’ {aka ‘[01m[Kconst std::shared_ptr<autoware_auto_planning_msgs::msg::Trajectory_<std::allocator<void> > >[m[K’} to non-scalar type ‘[01m[Kautoware_auto_planning_msgs::msg::Trajectory[m[K’ {aka ‘[01m[Kautoware_auto_planning_msgs::msg::Trajectory_<std::allocator<void> >[m[K’} requested
[4.824s]    91 |   autoware_auto_planning_msgs::msg::Trajectory new_trajectory = [01;31m[Kmsg[m[K;
[4.824s]       |                                                                 [01;31m[K^~~[m[K
[4.831s] [01m[K/home/pi/cooperate_request/src/lane_change_request/src/main.cpp:96:5:[m[K [01;31m[Kerror: [m[K‘[01m[Ktraj_pub[m[K’ was not declared in this scope
[4.831s]    96 |     [01;31m[Ktraj_pub[m[K->publish(new_trajectory);
[4.831s]       |     [01;31m[K^~~~~~~~[m[K
[4.843s] [01m[K/home/pi/cooperate_request/src/lane_change_request/src/main.cpp:102:79:[m[K [01;31m[Kerror: [m[K‘[01m[Klane_change_direction[m[K’ was not declared in this scope; did you mean ‘[01m[KLaneChangeDirection[m[K’?
[4.843s]   102 |     modified_trajectory = TrajectoryRemapper::modifyTrajectory(new_trajectory,[01;31m[Klane_change_direction[m[K, acceleration_profile);
[4.843s]       |                                                                               [01;31m[K^~~~~~~~~~~~~~~~~~~~~[m[K
[4.843s]       |                                                                               [32m[KLaneChangeDirection[m[K
[4.848s] [01m[K/home/pi/cooperate_request/src/lane_change_request/src/main.cpp:103:5:[m[K [01;31m[Kerror: [m[K‘[01m[Ktraj_pub[m[K’ was not declared in this scope
[4.848s]   103 |     [01;31m[Ktraj_pub[m[K->publish(modified_trajectory);
[4.848s]       |     [01;31m[K^~~~~~~~[m[K
[7.421s] gmake[2]: *** [CMakeFiles/trajectory_remmaper.dir/build.make:76: CMakeFiles/trajectory_remmaper.dir/src/main.cpp.o] Error 1
[7.421s] gmake[1]: *** [CMakeFiles/Makefile2:137: CMakeFiles/trajectory_remmaper.dir/all] Error 2
[7.422s] gmake: *** [Makefile:146: all] Error 2
[7.424s] Invoked command in '/home/pi/cooperate_request/build/lane_change_request' returned '2': CMAKE_PREFIX_PATH=${CMAKE_PREFIX_PATH}:/home/pi/autoware/install/simulator_compatibility_test:/home/pi/autoware/install/ad_api_visualizers:/opt/ros/humble /usr/bin/cmake --build /home/pi/cooperate_request/build/lane_change_request -- -j24 -l24
