[0.006s] Invoking command in '/home/goncalo/MECT1-1/bolsaIT/cooperate_request/build/lane_change_request': /usr/bin/cmake /home/goncalo/MECT1-1/bolsaIT/cooperate_request/src/lane_change_request -DCMAKE_INSTALL_PREFIX=/home/goncalo/MECT1-1/bolsaIT/cooperate_request/install/lane_change_request
[0.023s] -- Found ament_cmake: 1.3.10 (/opt/ros/humble/share/ament_cmake/cmake)
[0.117s] Traceback (most recent call last):
[0.117s]   File "/opt/ros/humble/share/ament_cmake_core/cmake/package_templates/templates_2_cmake.py", line 21, in <module>
[0.117s]     from ament_package.templates import get_environment_hook_template_path
[0.117s] ModuleNotFoundError: No module named 'ament_package'
[0.125s] [31mCMake Error at /opt/ros/humble/share/ament_cmake_core/cmake/ament_cmake_package_templates-extras.cmake:41 (message):
[0.125s]   execute_process(/usr/bin/python3
[0.125s]   /opt/ros/humble/share/ament_cmake_core/cmake/package_templates/templates_2_cmake.py
[0.125s]   /home/goncalo/MECT1-1/bolsaIT/cooperate_request/build/lane_change_request/ament_cmake_package_templates/templates.cmake)
[0.125s]   returned error code 1
[0.125s] Call Stack (most recent call first):
[0.125s]   /opt/ros/humble/share/ament_cmake_core/cmake/ament_cmake_coreConfig.cmake:41 (include)
[0.125s]   /opt/ros/humble/share/ament_cmake/cmake/ament_cmake_export_dependencies-extras.cmake:15 (find_package)
[0.125s]   /opt/ros/humble/share/ament_cmake/cmake/ament_cmakeConfig.cmake:41 (include)
[0.125s]   CMakeLists.txt:9 (find_package)
[0.125s] 
[0.125s] [0m
[0.125s] -- Configuring incomplete, errors occurred!
[0.125s] See also "/home/goncalo/MECT1-1/bolsaIT/cooperate_request/build/lane_change_request/CMakeFiles/CMakeOutput.log".
[0.127s] Invoked command in '/home/goncalo/MECT1-1/bolsaIT/cooperate_request/build/lane_change_request' returned '1': /usr/bin/cmake /home/goncalo/MECT1-1/bolsaIT/cooperate_request/src/lane_change_request -DCMAKE_INSTALL_PREFIX=/home/goncalo/MECT1-1/bolsaIT/cooperate_request/install/lane_change_request
