[0.010s] Invoking command in '/home/goncalo/MECT1-1/bolsaIT/cooperate_request/build/lane_change_request': CMAKE_PREFIX_PATH=/opt/ros/humble /usr/bin/cmake /home/goncalo/MECT1-1/bolsaIT/cooperate_request/src/lane_change_request -DCMAKE_INSTALL_PREFIX=/home/goncalo/MECT1-1/bolsaIT/cooperate_request/install/lane_change_request
[0.019s] -- Found ament_cmake: 1.3.10 (/opt/ros/humble/share/ament_cmake/cmake)
[0.104s] -- Found rclcpp: 16.0.10 (/opt/ros/humble/share/rclcpp/cmake)
[0.125s] -- Found rosidl_generator_c: 3.1.5 (/opt/ros/humble/share/rosidl_generator_c/cmake)
[0.127s] -- Found rosidl_adapter: 3.1.5 (/opt/ros/humble/share/rosidl_adapter/cmake)
[0.131s] -- Found rosidl_generator_cpp: 3.1.5 (/opt/ros/humble/share/rosidl_generator_cpp/cmake)
[0.140s] -- Using all available rosidl_typesupport_c: rosidl_typesupport_fastrtps_c;rosidl_typesupport_introspection_c
[0.147s] -- Using all available rosidl_typesupport_cpp: rosidl_typesupport_fastrtps_cpp;rosidl_typesupport_introspection_cpp
[0.175s] -- Found rmw_implementation_cmake: 6.1.2 (/opt/ros/humble/share/rmw_implementation_cmake/cmake)
[0.176s] -- Found rmw_fastrtps_cpp: 6.2.7 (/opt/ros/humble/share/rmw_fastrtps_cpp/cmake)
[0.250s] -- Using RMW implementation 'rmw_fastrtps_cpp' as default
[0.294s] [31mCMake Error at CMakeLists.txt:11 (find_package):
[0.294s]   By not providing "Findtier4_rtc_msgs.cmake" in CMAKE_MODULE_PATH this
[0.294s]   project has asked CMake to find a package configuration file provided by
[0.294s]   "tier4_rtc_msgs", but CMake did not find one.
[0.294s] 
[0.295s]   Could not find a package configuration file provided by "tier4_rtc_msgs"
[0.295s]   with any of the following names:
[0.295s] 
[0.295s]     tier4_rtc_msgsConfig.cmake
[0.295s]     tier4_rtc_msgs-config.cmake
[0.295s] 
[0.295s]   Add the installation prefix of "tier4_rtc_msgs" to CMAKE_PREFIX_PATH or set
[0.295s]   "tier4_rtc_msgs_DIR" to a directory containing one of the above files.  If
[0.295s]   "tier4_rtc_msgs" provides a separate development package or SDK, be sure it
[0.295s]   has been installed.
[0.295s] 
[0.295s] [0m
[0.295s] -- Configuring incomplete, errors occurred!
[0.295s] See also "/home/goncalo/MECT1-1/bolsaIT/cooperate_request/build/lane_change_request/CMakeFiles/CMakeOutput.log".
[0.303s] Invoked command in '/home/goncalo/MECT1-1/bolsaIT/cooperate_request/build/lane_change_request' returned '1': CMAKE_PREFIX_PATH=/opt/ros/humble /usr/bin/cmake /home/goncalo/MECT1-1/bolsaIT/cooperate_request/src/lane_change_request -DCMAKE_INSTALL_PREFIX=/home/goncalo/MECT1-1/bolsaIT/cooperate_request/install/lane_change_request
