-- Found ament_cmake: 1.3.8 (/opt/ros/humble/share/ament_cmake/cmake)
-- Found rclcpp: 16.0.8 (/opt/ros/humble/share/rclcpp/cmake)
-- Found rosidl_generator_c: 3.1.5 (/opt/ros/humble/share/rosidl_generator_c/cmake)
-- Found rosidl_adapter: 3.1.5 (/opt/ros/humble/share/rosidl_adapter/cmake)
-- Found rosidl_generator_cpp: 3.1.5 (/opt/ros/humble/share/rosidl_generator_cpp/cmake)
-- Using all available rosidl_typesupport_c: rosidl_typesupport_fastrtps_c;rosidl_typesupport_introspection_c
-- Using all available rosidl_typesupport_cpp: rosidl_typesupport_fastrtps_cpp;rosidl_typesupport_introspection_cpp
-- Found rmw_implementation_cmake: 6.1.1 (/opt/ros/humble/share/rmw_implementation_cmake/cmake)
-- Found rmw_cyclonedds_cpp: 1.3.4 (/opt/ros/humble/share/rmw_cyclonedds_cpp/cmake)
-- Using RMW implementation 'rmw_cyclonedds_cpp' as default
-- Found tier4_planning_msgs: 0.1.0 (/home/pi/autoware/install/tier4_planning_msgs/share/tier4_planning_msgs/cmake)
-- Found autoware_auto_planning_msgs: 1.0.0 (/home/pi/autoware/install/autoware_auto_planning_msgs/share/autoware_auto_planning_msgs/cmake)
-- Found tier4_autoware_utils: 0.1.0 (/home/pi/autoware/install/tier4_autoware_utils/share/tier4_autoware_utils/cmake)
-- Found eigen3_cmake_module: 0.1.1 (/opt/ros/humble/share/eigen3_cmake_module/cmake)
-- Ensuring Eigen3 include directory is part of orocos-kdl CMake target
-- Found vehicle_info_util: 0.1.0 (/home/pi/autoware/install/vehicle_info_util/share/vehicle_info_util/cmake)
-- Found motion_utils: 0.1.0 (/home/pi/autoware/install/motion_utils/share/motion_utils/cmake)
-- Found obstacle_avoidance_planner: 0.1.0 (/home/pi/autoware/install/obstacle_avoidance_planner/share/obstacle_avoidance_planner/cmake)
-- Found ament_lint_auto: 0.12.10 (/opt/ros/humble/share/ament_lint_auto/cmake)
-- Added test 'cppcheck' to perform static code analysis on C / C++ code
-- Configured cppcheck include dirs: 
-- Configured cppcheck exclude dirs and/or files: 
-- Added test 'lint_cmake' to check CMake code style
-- Added test 'uncrustify' to check C / C++ code style
-- Configured uncrustify additional arguments: 
-- Added test 'xmllint' to check XML markup files
-- Configuring done
-- Generating done
-- Build files have been written to: /home/pi/cooperate_request/build/lane_change_request
[ 50%] [32mBuilding CXX object CMakeFiles/trajectory_remmaper.dir/src/main.cpp.o[0m
