[0.029s] Invoking command in '/home/pi/cooperate_request/build/lane_change_request': CMAKE_PREFIX_PATH=${CMAKE_PREFIX_PATH}:/home/pi/autoware/install/simulator_compatibility_test:/home/pi/autoware/install/ad_api_visualizers:/opt/ros/humble /usr/bin/cmake /home/pi/cooperate_request/src/lane_change_request -DCMAKE_INSTALL_PREFIX=/home/pi/cooperate_request/install/lane_change_request
[0.056s] -- Found ament_cmake: 1.3.8 (/opt/ros/humble/share/ament_cmake/cmake)
[0.193s] -- Found rclcpp: 16.0.8 (/opt/ros/humble/share/rclcpp/cmake)
[0.219s] -- Found rosidl_generator_c: 3.1.5 (/opt/ros/humble/share/rosidl_generator_c/cmake)
[0.221s] -- Found rosidl_adapter: 3.1.5 (/opt/ros/humble/share/rosidl_adapter/cmake)
[0.224s] -- Found rosidl_generator_cpp: 3.1.5 (/opt/ros/humble/share/rosidl_generator_cpp/cmake)
[0.242s] -- Using all available rosidl_typesupport_c: rosidl_typesupport_fastrtps_c;rosidl_typesupport_introspection_c
[0.261s] -- Using all available rosidl_typesupport_cpp: rosidl_typesupport_fastrtps_cpp;rosidl_typesupport_introspection_cpp
[0.310s] -- Found rmw_implementation_cmake: 6.1.1 (/opt/ros/humble/share/rmw_implementation_cmake/cmake)
[0.321s] -- Found rmw_cyclonedds_cpp: 1.3.4 (/opt/ros/humble/share/rmw_cyclonedds_cpp/cmake)
[0.350s] -- Using RMW implementation 'rmw_cyclonedds_cpp' as default
[0.449s] -- Found tier4_planning_msgs: 0.1.0 (/home/pi/autoware/install/tier4_planning_msgs/share/tier4_planning_msgs/cmake)
[0.594s] -- Found autoware_auto_planning_msgs: 1.0.0 (/home/pi/autoware/install/autoware_auto_planning_msgs/share/autoware_auto_planning_msgs/cmake)
[0.900s] -- Found tier4_autoware_utils: 0.1.0 (/home/pi/autoware/install/tier4_autoware_utils/share/tier4_autoware_utils/cmake)
[1.328s] -- Found eigen3_cmake_module: 0.1.1 (/opt/ros/humble/share/eigen3_cmake_module/cmake)
[1.329s] -- Ensuring Eigen3 include directory is part of orocos-kdl CMake target
[1.620s] -- Found vehicle_info_util: 0.1.0 (/home/pi/autoware/install/vehicle_info_util/share/vehicle_info_util/cmake)
[1.851s] -- Found motion_utils: 0.1.0 (/home/pi/autoware/install/motion_utils/share/motion_utils/cmake)
[2.593s] -- Found obstacle_avoidance_planner: 0.1.0 (/home/pi/autoware/install/obstacle_avoidance_planner/share/obstacle_avoidance_planner/cmake)
[10.303s] -- Found ament_lint_auto: 0.12.10 (/opt/ros/humble/share/ament_lint_auto/cmake)
[10.529s] -- Added test 'cppcheck' to perform static code analysis on C / C++ code
[10.531s] -- Configured cppcheck include dirs: 
[10.531s] -- Configured cppcheck exclude dirs and/or files: 
[10.534s] -- Added test 'lint_cmake' to check CMake code style
[10.538s] -- Added test 'uncrustify' to check C / C++ code style
[10.538s] -- Configured uncrustify additional arguments: 
[10.542s] -- Added test 'xmllint' to check XML markup files
[10.549s] -- Configuring done
[10.594s] -- Generating done
[10.596s] -- Build files have been written to: /home/pi/cooperate_request/build/lane_change_request
[10.605s] Invoked command in '/home/pi/cooperate_request/build/lane_change_request' returned '0': CMAKE_PREFIX_PATH=${CMAKE_PREFIX_PATH}:/home/pi/autoware/install/simulator_compatibility_test:/home/pi/autoware/install/ad_api_visualizers:/opt/ros/humble /usr/bin/cmake /home/pi/cooperate_request/src/lane_change_request -DCMAKE_INSTALL_PREFIX=/home/pi/cooperate_request/install/lane_change_request
[10.607s] Invoking command in '/home/pi/cooperate_request/build/lane_change_request': CMAKE_PREFIX_PATH=${CMAKE_PREFIX_PATH}:/home/pi/autoware/install/simulator_compatibility_test:/home/pi/autoware/install/ad_api_visualizers:/opt/ros/humble /usr/bin/cmake --build /home/pi/cooperate_request/build/lane_change_request -- -j24 -l24
[10.754s] [ 50%] [32mBuilding CXX object CMakeFiles/trajectory_remmaper.dir/src/main.cpp.o[0m
[10.771s] [01m[K/home/pi/cooperate_request/src/lane_change_request/src/main.cpp:15:10:[m[K [01;31m[Kfatal error: [m[Klane_change_request/lane.hpp: No such file or directory
[10.771s]    15 | #include [01;31m[K"lane_change_request/lane.hpp"[m[K
[10.772s]       |          [01;31m[K^~~~~~~~~~~~~~~~~~~~~~~~~~~~~~[m[K
[10.772s] compilation terminated.
[10.773s] gmake[2]: *** [CMakeFiles/trajectory_remmaper.dir/build.make:76: CMakeFiles/trajectory_remmaper.dir/src/main.cpp.o] Error 1
[10.773s] gmake[1]: *** [CMakeFiles/Makefile2:137: CMakeFiles/trajectory_remmaper.dir/all] Error 2
[10.773s] gmake: *** [Makefile:146: all] Error 2
[10.775s] Invoked command in '/home/pi/cooperate_request/build/lane_change_request' returned '2': CMAKE_PREFIX_PATH=${CMAKE_PREFIX_PATH}:/home/pi/autoware/install/simulator_compatibility_test:/home/pi/autoware/install/ad_api_visualizers:/opt/ros/humble /usr/bin/cmake --build /home/pi/cooperate_request/build/lane_change_request -- -j24 -l24
