[0.028s] Invoking command in '/home/pi/cooperate_request/build/lane_change_request': CMAKE_PREFIX_PATH=${CMAKE_PREFIX_PATH}:/home/pi/autoware/install/simulator_compatibility_test:/home/pi/autoware/install/ad_api_visualizers:/opt/ros/humble /usr/bin/cmake --build /home/pi/cooperate_request/build/lane_change_request -- -j24 -l24
[0.158s] [35m[1mConsolidate compiler generated dependencies of target trajectory_remmaper[0m
[0.217s] [ 50%] [32mBuilding CXX object CMakeFiles/trajectory_remmaper.dir/src/main.cpp.o[0m
[0.640s] [01m[K/home/pi/cooperate_request/src/lane_change_request/src/main.cpp:27:1:[m[K [01;31m[Kerror: [m[K‘[01m[KTrajectoryRemapper[m[K’ does not name a type
[0.640s]    27 | [01;31m[KTrajectoryRemapper[m[K::TrajectoryRemapper(const rclcpp::NodeOptions &node_options)
[0.640s]       | [01;31m[K^~~~~~~~~~~~~~~~~~[m[K
[0.640s] [01m[K/home/pi/cooperate_request/src/lane_change_request/src/main.cpp:92:6:[m[K [01;31m[Kerror: [m[K‘[01m[KTrajectoryRemapper[m[K’ has not been declared
[0.640s]    92 | void [01;31m[KTrajectoryRemapper[m[K::trajectoryCallback(const autoware_auto_planning_msgs::msg::Trajectory::SharedPtr msg)
[0.640s]       |      [01;31m[K^~~~~~~~~~~~~~~~~~[m[K
[0.642s] [01m[K/home/pi/cooperate_request/src/lane_change_request/src/main.cpp:[m[K In function ‘[01m[Kvoid trajectory_remap_node::trajectoryCallback(autoware_auto_planning_msgs::msg::Trajectory_<std::allocator<void> >::SharedPtr)[m[K’:
[0.642s] [01m[K/home/pi/cooperate_request/src/lane_change_request/src/main.cpp:99:5:[m[K [01;31m[Kerror: [m[K‘[01m[Ktraj_pub[m[K’ was not declared in this scope
[0.642s]    99 |     [01;31m[Ktraj_pub[m[K->publish(new_trajectory);
[0.643s]       |     [01;31m[K^~~~~~~~[m[K
[0.643s] [01m[K/home/pi/cooperate_request/src/lane_change_request/src/main.cpp:105:27:[m[K [01;31m[Kerror: [m[K‘[01m[KTrajectoryRemapper[m[K’ has not been declared
[0.643s]   105 |     modified_trajectory = [01;31m[KTrajectoryRemapper[m[K::modifyTrajectory(new_trajectory,lane_change_direction, acceleration_profile);
[0.643s]       |                           [01;31m[K^~~~~~~~~~~~~~~~~~[m[K
[0.643s] [01m[K/home/pi/cooperate_request/src/lane_change_request/src/main.cpp:106:5:[m[K [01;31m[Kerror: [m[K‘[01m[Ktraj_pub[m[K’ was not declared in this scope
[0.643s]   106 |     [01;31m[Ktraj_pub[m[K->publish(modified_trajectory);
[0.644s]       |     [01;31m[K^~~~~~~~[m[K
[0.644s] [01m[K/home/pi/cooperate_request/src/lane_change_request/src/main.cpp:[m[K In function ‘[01m[Kint main(int, char**)[m[K’:
[0.644s] [01m[K/home/pi/cooperate_request/src/lane_change_request/src/main.cpp:114:8:[m[K [01;31m[Kerror: [m[K‘[01m[Kcout[m[K’ is not a member of ‘[01m[Kstd[m[K’
[0.644s]   114 |   std::[01;31m[Kcout[m[K << "Starting Trajectory-Remapper..." << std::endl;
[0.644s]       |        [01;31m[K^~~~[m[K
[0.644s] [01m[K/home/pi/cooperate_request/src/lane_change_request/src/main.cpp:19:1:[m[K [01;36m[Knote: [m[K‘[01m[Kstd::cout[m[K’ is defined in header ‘[01m[K<iostream>[m[K’; did you forget to ‘[01m[K#include <iostream>[m[K’?
[0.644s]    18 | #include "autoware_auto_planning_msgs/msg/trajectory_point.hpp"
[0.644s]   +++ |+[32m[K#include <iostream>[m[K
[0.644s]    19 | 
[0.644s] [01m[K/home/pi/cooperate_request/src/lane_change_request/src/main.cpp:140:11:[m[K [01;31m[Kerror: [m[K‘[01m[Kinit[m[K’ is not a member of ‘[01m[Krclcpp[m[K’
[0.644s]   140 |   rclcpp::[01;31m[Kinit[m[K(argc, argv);
[0.645s]       |           [01;31m[K^~~~[m[K
[0.645s] [01m[K/home/pi/cooperate_request/src/lane_change_request/src/main.cpp:141:11:[m[K [01;31m[Kerror: [m[K‘[01m[KNodeOptions[m[K’ is not a member of ‘[01m[Krclcpp[m[K’
[0.645s]   141 |   rclcpp::[01;31m[KNodeOptions[m[K options;
[0.645s]       |           [01;31m[K^~~~~~~~~~~[m[K
[0.645s] [01m[K/home/pi/cooperate_request/src/lane_change_request/src/main.cpp:142:70:[m[K [01;31m[Kerror: [m[K‘[01m[KTrajectoryRemapper[m[K’ is not a member of ‘[01m[Ktrajectory_remap_node[m[K’
[0.645s]   142 |   auto trajectory_remapper = std::make_shared<trajectory_remap_node::[01;31m[KTrajectoryRemapper[m[K>(options);
[0.645s]       |                                                                      [01;31m[K^~~~~~~~~~~~~~~~~~[m[K
[0.645s] [01m[K/home/pi/cooperate_request/src/lane_change_request/src/main.cpp:142:90:[m[K [01;31m[Kerror: [m[K‘[01m[Koptions[m[K’ was not declared in this scope
[0.645s]   142 |   auto trajectory_remapper = std::make_shared<trajectory_remap_node::TrajectoryRemapper>([01;31m[Koptions[m[K);
[0.645s]       |                                                                                          [01;31m[K^~~~~~~[m[K
[0.645s] [01m[K/home/pi/cooperate_request/src/lane_change_request/src/main.cpp:143:11:[m[K [01;31m[Kerror: [m[K‘[01m[Kspin[m[K’ is not a member of ‘[01m[Krclcpp[m[K’
[0.645s]   143 |   rclcpp::[01;31m[Kspin[m[K(trajectory_remapper);
[0.645s]       |           [01;31m[K^~~~[m[K
[0.646s] [01m[K/home/pi/cooperate_request/src/lane_change_request/src/main.cpp:170:11:[m[K [01;31m[Kerror: [m[K‘[01m[Kshutdown[m[K’ is not a member of ‘[01m[Krclcpp[m[K’
[0.646s]   170 |   rclcpp::[01;31m[Kshutdown[m[K();
[0.646s]       |           [01;31m[K^~~~~~~~[m[K
[0.689s] gmake[2]: *** [CMakeFiles/trajectory_remmaper.dir/build.make:76: CMakeFiles/trajectory_remmaper.dir/src/main.cpp.o] Error 1
[0.690s] gmake[1]: *** [CMakeFiles/Makefile2:137: CMakeFiles/trajectory_remmaper.dir/all] Error 2
[0.690s] gmake: *** [Makefile:146: all] Error 2
[0.693s] Invoked command in '/home/pi/cooperate_request/build/lane_change_request' returned '2': CMAKE_PREFIX_PATH=${CMAKE_PREFIX_PATH}:/home/pi/autoware/install/simulator_compatibility_test:/home/pi/autoware/install/ad_api_visualizers:/opt/ros/humble /usr/bin/cmake --build /home/pi/cooperate_request/build/lane_change_request -- -j24 -l24
